Using pre-set license
Built from '2022.3/staging' branch; Version is '2022.3.51f1 (9f9d16c45e54) revision 10460438'; Using compiler version '192829333'; Build Type 'Release'
OS: 'Windows 10  (10.0.19045) 64bit Professional' Language: 'tr' Physical Memory: 32693 MB
BatchMode: 1, IsHumanControllingUs: 0, StartBugReporterOnCrash: 0, Is64bit: 1, IsPro: 1

COMMAND LINE ARGUMENTS:
C:\Program Files\Unity\Hub\Editor\2022.3.51f1\Editor\Unity.exe
-adb2
-batchMode
-noUpm
-name
AssetImportWorker8
-projectPath
C:/Users/serda/OneDrive/Masaüstü/AYTIKCI Game/AYTIKCI-Games/AYTIKCI Games
-logFile
Logs/AssetImportWorker8.log
-srvPort
57221
Successfully changed project path to: C:/Users/serda/OneDrive/Masaüstü/AYTIKCI Game/AYTIKCI-Games/AYTIKCI Games
C:/Users/serda/OneDrive/Masaüstü/AYTIKCI Game/AYTIKCI-Games/AYTIKCI Games
[UnityMemory] Configuration Parameters - Can be set up in boot.config
    "memorysetup-bucket-allocator-granularity=16"
    "memorysetup-bucket-allocator-bucket-count=8"
    "memorysetup-bucket-allocator-block-size=33554432"
    "memorysetup-bucket-allocator-block-count=8"
    "memorysetup-main-allocator-block-size=16777216"
    "memorysetup-thread-allocator-block-size=16777216"
    "memorysetup-gfx-main-allocator-block-size=16777216"
    "memorysetup-gfx-thread-allocator-block-size=16777216"
    "memorysetup-cache-allocator-block-size=4194304"
    "memorysetup-typetree-allocator-block-size=2097152"
    "memorysetup-profiler-bucket-allocator-granularity=16"
    "memorysetup-profiler-bucket-allocator-bucket-count=8"
    "memorysetup-profiler-bucket-allocator-block-size=33554432"
    "memorysetup-profiler-bucket-allocator-block-count=8"
    "memorysetup-profiler-allocator-block-size=16777216"
    "memorysetup-profiler-editor-allocator-block-size=1048576"
    "memorysetup-temp-allocator-size-main=16777216"
    "memorysetup-job-temp-allocator-block-size=2097152"
    "memorysetup-job-temp-allocator-block-size-background=1048576"
    "memorysetup-job-temp-allocator-reduction-small-platforms=262144"
    "memorysetup-allocator-temp-initial-block-size-main=262144"
    "memorysetup-allocator-temp-initial-block-size-worker=262144"
    "memorysetup-temp-allocator-size-background-worker=32768"
    "memorysetup-temp-allocator-size-job-worker=262144"
    "memorysetup-temp-allocator-size-preload-manager=33554432"
    "memorysetup-temp-allocator-size-nav-mesh-worker=65536"
    "memorysetup-temp-allocator-size-audio-worker=65536"
    "memorysetup-temp-allocator-size-cloud-worker=32768"
    "memorysetup-temp-allocator-size-gi-baking-worker=262144"
    "memorysetup-temp-allocator-size-gfx=262144"
Player connection [35796]  Target information:

Player connection [35796]  * "[IP] 192.168.1.103 [Port] 0 [Flags] 2 [Guid] 1752190188 [EditorId] 1752190188 [Version] 1048832 [Id] WindowsEditor(7,SerdarPC) [Debug] 1 [PackageName] WindowsEditor [ProjectName] Editor" 

Player connection [35796] Host joined multi-casting on [225.0.0.222:54997]...
Player connection [35796] Host joined alternative multi-casting on [225.0.0.222:34997]...
[PhysX] Initialized MultithreadedTaskDispatcher with 16 workers.
Refreshing native plugins compatible for Editor in 13.71 ms, found 3 plugins.
Preloading 0 native plugins for Editor in 0.00 ms.
Initialize engine version: 2022.3.51f1 (9f9d16c45e54)
[Subsystems] Discovering subsystems at path C:/Program Files/Unity/Hub/Editor/2022.3.51f1/Editor/Data/Resources/UnitySubsystems
[Subsystems] Discovering subsystems at path C:/Users/serda/OneDrive/Masaüstü/AYTIKCI Game/AYTIKCI-Games/AYTIKCI Games/Assets
GfxDevice: creating device client; threaded=0; jobified=0
Direct3D:
    Version:  Direct3D 11.0 [level 11.1]
    Renderer: NVIDIA GeForce RTX 4070 SUPER (ID=0x2783)
    Vendor:   NVIDIA
    VRAM:     12013 MB
    Driver:   31.0.15.4665
Initialize mono
Mono path[0] = 'C:/Program Files/Unity/Hub/Editor/2022.3.51f1/Editor/Data/Managed'
Mono path[1] = 'C:/Program Files/Unity/Hub/Editor/2022.3.51f1/Editor/Data/MonoBleedingEdge/lib/mono/unityjit-win32'
Mono config path = 'C:/Program Files/Unity/Hub/Editor/2022.3.51f1/Editor/Data/MonoBleedingEdge/etc'
Using monoOptions --debugger-agent=transport=dt_socket,embedding=1,server=y,suspend=n,address=127.0.0.1:56952
Begin MonoManager ReloadAssembly
Registering precompiled unity dll's ...
Register platform support module: C:/Program Files/Unity/Hub/Editor/2022.3.51f1/Editor/Data/PlaybackEngines/AndroidPlayer/UnityEditor.Android.Extensions.dll
Register platform support module: C:/Program Files/Unity/Hub/Editor/2022.3.51f1/Editor/Data/PlaybackEngines/WindowsStandaloneSupport/UnityEditor.WindowsStandalone.Extensions.dll
Register platform support module: C:/Program Files/Unity/Hub/Editor/2022.3.51f1/Editor/Data/PlaybackEngines/MetroSupport/UnityEditor.UWP.Extensions.dll
Registered in 0.015942 seconds.
- Loaded All Assemblies, in  0.361 seconds
Native extension for UWP target not found
Native extension for WindowsStandalone target not found
Native extension for Android target not found
Android Extension - Scanning For ADB Devices 412 ms
Mono: successfully reloaded assembly
- Finished resetting the current domain, in  0.703 seconds
Domain Reload Profiling: 1062ms
	BeginReloadAssembly (109ms)
		ExecutionOrderSort (0ms)
		DisableScriptedObjects (0ms)
		BackupInstance (0ms)
		ReleaseScriptingObjects (0ms)
		CreateAndSetChildDomain (1ms)
	RebuildCommonClasses (32ms)
	RebuildNativeTypeToScriptingClass (11ms)
	initialDomainReloadingComplete (65ms)
	LoadAllAssembliesAndSetupDomain (141ms)
		LoadAssemblies (105ms)
		RebuildTransferFunctionScriptingTraits (0ms)
		AnalyzeDomain (138ms)
			TypeCache.Refresh (137ms)
				TypeCache.ScanAssembly (125ms)
			ScanForSourceGeneratedMonoScriptInfo (0ms)
			ResolveRequiredComponents (1ms)
	FinalizeReload (704ms)
		ReleaseScriptCaches (0ms)
		RebuildScriptCaches (0ms)
		SetupLoadedEditorAssemblies (660ms)
			LogAssemblyErrors (0ms)
			InitializePlatformSupportModulesInManaged (489ms)
			SetLoadedEditorAssemblies (4ms)
			RefreshPlugins (0ms)
			BeforeProcessingInitializeOnLoad (2ms)
			ProcessInitializeOnLoadAttributes (119ms)
			ProcessInitializeOnLoadMethodAttributes (46ms)
			AfterProcessingInitializeOnLoad (0ms)
			EditorAssembliesLoaded (0ms)
		ExecutionOrderSort2 (0ms)
		AwakeInstancesAfterBackupRestoration (0ms)
========================================================================
Worker process is ready to serve import requests
Caller must complete domain reload
Begin MonoManager ReloadAssembly
Symbol file data-000001F7F7B8AE40 doesn't match image C:\Users\serda\OneDrive\Masaüstü\AYTIKCI Game\AYTIKCI-Games\AYTIKCI Games\Library\ScriptAssemblies\Unity.EditorCoroutines.Editor.dll
Symbol file LoadedFromMemory is not a mono symbol file
Symbol file data-000001F7F7876020 doesn't match image C:\Users\serda\OneDrive\Masaüstü\AYTIKCI Game\AYTIKCI-Games\AYTIKCI Games\Library\ScriptAssemblies\Unity.PlasticSCM.Editor.dll
Symbol file LoadedFromMemory is not a mono symbol file
Symbol file data-000001F7F7876020 doesn't match image C:\Users\serda\OneDrive\Masaüstü\AYTIKCI Game\AYTIKCI-Games\AYTIKCI Games\Library\ScriptAssemblies\Unity.Timeline.Editor.dll
Symbol file LoadedFromMemory is not a mono symbol file
Symbol file data-000001F7F7B8AE40 doesn't match image C:\Users\serda\OneDrive\Masaüstü\AYTIKCI Game\AYTIKCI-Games\AYTIKCI Games\Library\ScriptAssemblies\Unity.VisualScripting.Shared.Editor.dll
Symbol file LoadedFromMemory is not a mono symbol file
Symbol file data-000001F7F7DEC830 doesn't match image C:\Users\serda\OneDrive\Masaüstü\AYTIKCI Game\AYTIKCI-Games\AYTIKCI Games\Library\ScriptAssemblies\Unity.CollabProxy.Editor.dll
Symbol file LoadedFromMemory is not a mono symbol file
Symbol file data-000001F7F7897A30 doesn't match image C:\Users\serda\OneDrive\Masaüstü\AYTIKCI Game\AYTIKCI-Games\AYTIKCI Games\Library\ScriptAssemblies\Unity.VisualStudio.Editor.dll
Symbol file LoadedFromMemory is not a mono symbol file
Symbol file data-000001F7F78AF840 doesn't match image C:\Users\serda\OneDrive\Masaüstü\AYTIKCI Game\AYTIKCI-Games\AYTIKCI Games\Library\ScriptAssemblies\UnityEditor.UI.dll
Symbol file LoadedFromMemory is not a mono symbol file
Symbol file data-000001F7F78AF840 doesn't match image C:\Users\serda\OneDrive\Masaüstü\AYTIKCI Game\AYTIKCI-Games\AYTIKCI Games\Library\ScriptAssemblies\Unity.VisualScripting.Core.dll
Symbol file LoadedFromMemory is not a mono symbol file
Symbol file data-000001F7F7934020 doesn't match image C:\Users\serda\OneDrive\Masaüstü\AYTIKCI Game\AYTIKCI-Games\AYTIKCI Games\Library\ScriptAssemblies\UnityEngine.UI.dll
Symbol file LoadedFromMemory is not a mono symbol file
Symbol file data-000001F7F7934020 doesn't match image C:\Users\serda\OneDrive\Masaüstü\AYTIKCI Game\AYTIKCI-Games\AYTIKCI Games\Library\ScriptAssemblies\Unity.VisualScripting.Core.Editor.dll
Symbol file LoadedFromMemory is not a mono symbol file
Symbol file data-000001F7F7946830 doesn't match image C:\Users\serda\OneDrive\Masaüstü\AYTIKCI Game\AYTIKCI-Games\AYTIKCI Games\Library\ScriptAssemblies\Unity.Rider.Editor.dll
Symbol file LoadedFromMemory is not a mono symbol file
Symbol file data-000001F7F797DE40 doesn't match image C:\Users\serda\OneDrive\Masaüstü\AYTIKCI Game\AYTIKCI-Games\AYTIKCI Games\Library\ScriptAssemblies\UnityEditor.TestRunner.dll
Symbol file LoadedFromMemory is not a mono symbol file
Symbol file data-000001F7F797DE40 doesn't match image C:\Users\serda\OneDrive\Masaüstü\AYTIKCI Game\AYTIKCI-Games\AYTIKCI Games\Library\ScriptAssemblies\Unity.VisualScripting.Flow.dll
Symbol file LoadedFromMemory is not a mono symbol file
Symbol file data-000001F7F61E7210 doesn't match image C:\Users\serda\OneDrive\Masaüstü\AYTIKCI Game\AYTIKCI-Games\AYTIKCI Games\Library\ScriptAssemblies\Unity.VisualScripting.Flow.Editor.dll
Symbol file LoadedFromMemory is not a mono symbol file
Symbol file data-000001F7F616FE30 doesn't match image C:\Users\serda\OneDrive\Masaüstü\AYTIKCI Game\AYTIKCI-Games\AYTIKCI Games\Library\ScriptAssemblies\Unity.Timeline.dll
Symbol file LoadedFromMemory is not a mono symbol file
Symbol file data-000001F7F5F283E0 doesn't match image C:\Users\serda\OneDrive\Masaüstü\AYTIKCI Game\AYTIKCI-Games\AYTIKCI Games\Library\ScriptAssemblies\Unity.TestTools.CodeCoverage.Editor.OpenCover.Mono.Reflection.dll
Symbol file LoadedFromMemory is not a mono symbol file
Symbol file data-000001F7F5F283E0 doesn't match image C:\Users\serda\OneDrive\Masaüstü\AYTIKCI Game\AYTIKCI-Games\AYTIKCI Games\Library\ScriptAssemblies\Unity.VisualScripting.SettingsProvider.Editor.dll
Symbol file LoadedFromMemory is not a mono symbol file
Symbol file data-000001F7F797DE40 doesn't match image C:\Users\serda\OneDrive\Masaüstü\AYTIKCI Game\AYTIKCI-Games\AYTIKCI Games\Library\ScriptAssemblies\Unity.Performance.Profile-Analyzer.Editor.dll
Symbol file LoadedFromMemory is not a mono symbol file
Symbol file data-000001F7F61F7220 doesn't match image C:\Users\serda\OneDrive\Masaüstü\AYTIKCI Game\AYTIKCI-Games\AYTIKCI Games\Library\ScriptAssemblies\Unity.TestTools.CodeCoverage.Editor.dll
Symbol file LoadedFromMemory is not a mono symbol file
Symbol file data-000001F7F6177E40 doesn't match image C:\Users\serda\OneDrive\Masaüstü\AYTIKCI Game\AYTIKCI-Games\AYTIKCI Games\Library\ScriptAssemblies\Unity.TestTools.CodeCoverage.Editor.OpenCover.Model.dll
Symbol file LoadedFromMemory is not a mono symbol file
Symbol file data-000001F7F61F7220 doesn't match image C:\Users\serda\OneDrive\Masaüstü\AYTIKCI Game\AYTIKCI-Games\AYTIKCI Games\Library\ScriptAssemblies\UnityEngine.TestRunner.dll
Symbol file LoadedFromMemory is not a mono symbol file
Symbol file data-000001F7F6177E40 doesn't match image C:\Users\serda\OneDrive\Masaüstü\AYTIKCI Game\AYTIKCI-Games\AYTIKCI Games\Library\ScriptAssemblies\Unity.VisualScripting.State.Editor.dll
Symbol file LoadedFromMemory is not a mono symbol file
Symbol file data-000001F7F61F7220 doesn't match image C:\Users\serda\OneDrive\Masaüstü\AYTIKCI Game\AYTIKCI-Games\AYTIKCI Games\Library\ScriptAssemblies\Unity.Settings.Editor.dll
Symbol file LoadedFromMemory is not a mono symbol file
Symbol file data-000001F7F60A5230 doesn't match image C:\Users\serda\OneDrive\Masaüstü\AYTIKCI Game\AYTIKCI-Games\AYTIKCI Games\Library\ScriptAssemblies\Unity.TextMeshPro.dll
Symbol file LoadedFromMemory is not a mono symbol file
Symbol file data-000001F7F60A5230 doesn't match image C:\Users\serda\OneDrive\Masaüstü\AYTIKCI Game\AYTIKCI-Games\AYTIKCI Games\Library\ScriptAssemblies\Unity.TextMeshPro.Editor.dll
Symbol file LoadedFromMemory is not a mono symbol file
Symbol file data-000001F7F60B4E00 doesn't match image C:\Users\serda\OneDrive\Masaüstü\AYTIKCI Game\AYTIKCI-Games\AYTIKCI Games\Library\ScriptAssemblies\Unity.VisualScripting.State.dll
Symbol file LoadedFromMemory is not a mono symbol file
Symbol file data-000001F7F7AAF420 doesn't match image C:\Users\serda\OneDrive\Masaüstü\AYTIKCI Game\AYTIKCI-Games\AYTIKCI Games\Library\ScriptAssemblies\Unity.VSCode.Editor.dll
Symbol file LoadedFromMemory is not a mono symbol file
- Loaded All Assemblies, in  0.637 seconds
Native extension for UWP target not found
Native extension for WindowsStandalone target not found
Native extension for Android target not found
Package Manager log level set to [2]
[Package Manager] Server::EnsureServerProcessIsRunning -- launch failed, reason: Unity was launched with the -noUpm command-line argument
[Package Manager] UpmClient::Send -- Unable to send message (not connected to UPM process).
[Package Manager] Cannot connect to Unity Package Manager local server
Mono: successfully reloaded assembly
- Finished resetting the current domain, in  0.607 seconds
Domain Reload Profiling: 1241ms
	BeginReloadAssembly (141ms)
		ExecutionOrderSort (0ms)
		DisableScriptedObjects (5ms)
		BackupInstance (0ms)
		ReleaseScriptingObjects (0ms)
		CreateAndSetChildDomain (19ms)
	RebuildCommonClasses (36ms)
	RebuildNativeTypeToScriptingClass (11ms)
	initialDomainReloadingComplete (41ms)
	LoadAllAssembliesAndSetupDomain (404ms)
		LoadAssemblies (297ms)
		RebuildTransferFunctionScriptingTraits (0ms)
		AnalyzeDomain (190ms)
			TypeCache.Refresh (168ms)
				TypeCache.ScanAssembly (153ms)
			ScanForSourceGeneratedMonoScriptInfo (15ms)
			ResolveRequiredComponents (6ms)
	FinalizeReload (608ms)
		ReleaseScriptCaches (0ms)
		RebuildScriptCaches (0ms)
		SetupLoadedEditorAssemblies (472ms)
			LogAssemblyErrors (0ms)
			InitializePlatformSupportModulesInManaged (21ms)
			SetLoadedEditorAssemblies (3ms)
			RefreshPlugins (0ms)
			BeforeProcessingInitializeOnLoad (66ms)
			ProcessInitializeOnLoadAttributes (354ms)
			ProcessInitializeOnLoadMethodAttributes (18ms)
			AfterProcessingInitializeOnLoad (9ms)
			EditorAssembliesLoaded (0ms)
		ExecutionOrderSort2 (0ms)
		AwakeInstancesAfterBackupRestoration (5ms)
Launched and connected shader compiler UnityShaderCompiler.exe after 0.09 seconds
Refreshing native plugins compatible for Editor in 5.05 ms, found 3 plugins.
Preloading 0 native plugins for Editor in 0.00 ms.
Unloading 3356 Unused Serialized files (Serialized files now loaded: 0)
Unloading 32 unused Assets / (137.7 KB). Loaded Objects now: 3825.
Memory consumption went from 128.0 MB to 127.9 MB.
Total: 3.310500 ms (FindLiveObjects: 0.307000 ms CreateObjectMapping: 0.219300 ms MarkObjects: 2.660500 ms  DeleteObjects: 0.122400 ms)

AssetImportParameters requested are different than current active one (requested -> active):
  custom:container-demuxer-ogg: 62fdf1f143b41e24485cea50d1cbac27 -> 
  custom:video-decoder-ogg-theora: a1e56fd34408186e4bbccfd4996cb3dc -> 
  custom:framework-win-MediaFoundation: 216162199b28c13a410421893ffa2e32 -> 
  custom:CustomObjectIndexerAttribute: 9a22284fe3817be447336de3de66b15e -> 
  custom:container-demuxer-webm: 4f35f7cbe854078d1ac9338744f61a02 -> 
  custom:container-muxer-webm: aa71ff27fc2769a1b78a27578f13a17b -> 
  custom:video-decoder-webm-vp8: 9c59270c3fd7afecdb556c50c9e8de78 -> 
  custom:SearchIndexIgnoredProperties: e643bd26f0fe6173181afceb89e7c659 -> 
  custom:AudioImporter_EditorPlatform: d09bf68614088b80899f8185d706f6e7 -> 
  custom:video-encoder-webm-vp8: eb34c28f22e8b96e1ab97ce403110664 -> 
  custom:audio-decoder-ogg-vorbis: bf7c407c2cedff20999df2af8eb42d56 -> 
  custom:audio-encoder-webm-vorbis: bf7c407c2cedff20999df2af8eb42d56 -> 
========================================================================
Received Import Request.
  Time since last request: 32856.388148 seconds.
  path: Assets/Sprite/UI/Buttons/Scenes
  artifactKey: Guid(b5e2e80822f304443b451f3014340e17) Importer(815301076,1909f56bfc062723c751e8b465ee728b)
Start importing Assets/Sprite/UI/Buttons/Scenes using Guid(b5e2e80822f304443b451f3014340e17) Importer(815301076,1909f56bfc062723c751e8b465ee728b) [PhysX] Initialized MultithreadedTaskDispatcher with 16 workers.
 -> (artifact id: '8132602e922e6afefc48f55327b71174') in 0.002285 seconds
Number of updated asset objects reloaded before import = 0
Number of asset objects unloaded after import = 0
========================================================================
Received Prepare
Caller must complete domain reload
Begin MonoManager ReloadAssembly
Symbol file data-000001F800BDE020 doesn't match image C:\Users\serda\OneDrive\Masaüstü\AYTIKCI Game\AYTIKCI-Games\AYTIKCI Games\Library\ScriptAssemblies\Unity.EditorCoroutines.Editor.dll
Symbol file LoadedFromMemory is not a mono symbol file
Symbol file data-000001F7F5EA2010 doesn't match image C:\Users\serda\OneDrive\Masaüstü\AYTIKCI Game\AYTIKCI-Games\AYTIKCI Games\Library\ScriptAssemblies\Unity.PlasticSCM.Editor.dll
Symbol file LoadedFromMemory is not a mono symbol file
Symbol file data-000001F7F7D97020 doesn't match image C:\Users\serda\OneDrive\Masaüstü\AYTIKCI Game\AYTIKCI-Games\AYTIKCI Games\Library\ScriptAssemblies\Unity.Timeline.Editor.dll
Symbol file LoadedFromMemory is not a mono symbol file
Symbol file data-000001F7F8EE11D0 doesn't match image C:\Users\serda\OneDrive\Masaüstü\AYTIKCI Game\AYTIKCI-Games\AYTIKCI Games\Library\ScriptAssemblies\Unity.VisualScripting.Shared.Editor.dll
Symbol file LoadedFromMemory is not a mono symbol file
Symbol file data-000001F7F8EE11D0 doesn't match image C:\Users\serda\OneDrive\Masaüstü\AYTIKCI Game\AYTIKCI-Games\AYTIKCI Games\Library\ScriptAssemblies\Unity.CollabProxy.Editor.dll
Symbol file LoadedFromMemory is not a mono symbol file
Symbol file data-000001F7F91B8120 doesn't match image C:\Users\serda\OneDrive\Masaüstü\AYTIKCI Game\AYTIKCI-Games\AYTIKCI Games\Library\ScriptAssemblies\Unity.VisualStudio.Editor.dll
Symbol file LoadedFromMemory is not a mono symbol file
Symbol file data-000001F7F6177E40 doesn't match image C:\Users\serda\OneDrive\Masaüstü\AYTIKCI Game\AYTIKCI-Games\AYTIKCI Games\Library\ScriptAssemblies\UnityEditor.UI.dll
Symbol file LoadedFromMemory is not a mono symbol file
Symbol file data-000001F7F9250030 doesn't match image C:\Users\serda\OneDrive\Masaüstü\AYTIKCI Game\AYTIKCI-Games\AYTIKCI Games\Library\ScriptAssemblies\Unity.VisualScripting.Core.dll
Symbol file LoadedFromMemory is not a mono symbol file
Symbol file data-000001F7F9384030 doesn't match image C:\Users\serda\OneDrive\Masaüstü\AYTIKCI Game\AYTIKCI-Games\AYTIKCI Games\Library\ScriptAssemblies\UnityEngine.UI.dll
Symbol file LoadedFromMemory is not a mono symbol file
Symbol file data-000001F7F7D97020 doesn't match image C:\Users\serda\OneDrive\Masaüstü\AYTIKCI Game\AYTIKCI-Games\AYTIKCI Games\Library\ScriptAssemblies\Unity.VisualScripting.Core.Editor.dll
Symbol file LoadedFromMemory is not a mono symbol file
Symbol file data-000001F8015D8020 doesn't match image C:\Users\serda\OneDrive\Masaüstü\AYTIKCI Game\AYTIKCI-Games\AYTIKCI Games\Library\ScriptAssemblies\Unity.Rider.Editor.dll
Symbol file LoadedFromMemory is not a mono symbol file
Symbol file data-000001F800CD4020 doesn't match image C:\Users\serda\OneDrive\Masaüstü\AYTIKCI Game\AYTIKCI-Games\AYTIKCI Games\Library\ScriptAssemblies\UnityEditor.TestRunner.dll
Symbol file LoadedFromMemory is not a mono symbol file
Symbol file data-000001F7F90B8030 doesn't match image C:\Users\serda\OneDrive\Masaüstü\AYTIKCI Game\AYTIKCI-Games\AYTIKCI Games\Library\ScriptAssemblies\Unity.VisualScripting.Flow.dll
Symbol file LoadedFromMemory is not a mono symbol file
Symbol file data-000001F801002010 doesn't match image C:\Users\serda\OneDrive\Masaüstü\AYTIKCI Game\AYTIKCI-Games\AYTIKCI Games\Library\ScriptAssemblies\Unity.VisualScripting.Flow.Editor.dll
Symbol file LoadedFromMemory is not a mono symbol file
Symbol file data-000001F7F6017F90 doesn't match image C:\Users\serda\OneDrive\Masaüstü\AYTIKCI Game\AYTIKCI-Games\AYTIKCI Games\Library\ScriptAssemblies\Unity.Timeline.dll
Symbol file LoadedFromMemory is not a mono symbol file
Symbol file data-000001F800D98830 doesn't match image C:\Users\serda\OneDrive\Masaüstü\AYTIKCI Game\AYTIKCI-Games\AYTIKCI Games\Library\ScriptAssemblies\Unity.TestTools.CodeCoverage.Editor.OpenCover.Mono.Reflection.dll
Symbol file LoadedFromMemory is not a mono symbol file
Symbol file data-000001F800D98830 doesn't match image C:\Users\serda\OneDrive\Masaüstü\AYTIKCI Game\AYTIKCI-Games\AYTIKCI Games\Library\ScriptAssemblies\Unity.VisualScripting.SettingsProvider.Editor.dll
Symbol file LoadedFromMemory is not a mono symbol file
Symbol file data-000001F7F90DBE40 doesn't match image C:\Users\serda\OneDrive\Masaüstü\AYTIKCI Game\AYTIKCI-Games\AYTIKCI Games\Library\ScriptAssemblies\Unity.Performance.Profile-Analyzer.Editor.dll
Symbol file LoadedFromMemory is not a mono symbol file
Symbol file data-000001F7F91B8120 doesn't match image C:\Users\serda\OneDrive\Masaüstü\AYTIKCI Game\AYTIKCI-Games\AYTIKCI Games\Library\ScriptAssemblies\Unity.TestTools.CodeCoverage.Editor.dll
Symbol file LoadedFromMemory is not a mono symbol file
Symbol file data-000001F7F8EE11D0 doesn't match image C:\Users\serda\OneDrive\Masaüstü\AYTIKCI Game\AYTIKCI-Games\AYTIKCI Games\Library\ScriptAssemblies\Unity.TestTools.CodeCoverage.Editor.OpenCover.Model.dll
Symbol file LoadedFromMemory is not a mono symbol file
Symbol file data-000001F7F7C1A230 doesn't match image C:\Users\serda\OneDrive\Masaüstü\AYTIKCI Game\AYTIKCI-Games\AYTIKCI Games\Library\ScriptAssemblies\UnityEngine.TestRunner.dll
Symbol file LoadedFromMemory is not a mono symbol file
Symbol file data-000001F801710040 doesn't match image C:\Users\serda\OneDrive\Masaüstü\AYTIKCI Game\AYTIKCI-Games\AYTIKCI Games\Library\ScriptAssemblies\Unity.VisualScripting.State.Editor.dll
Symbol file LoadedFromMemory is not a mono symbol file
Symbol file data-000001F7F8EE11D0 doesn't match image C:\Users\serda\OneDrive\Masaüstü\AYTIKCI Game\AYTIKCI-Games\AYTIKCI Games\Library\ScriptAssemblies\Unity.Settings.Editor.dll
Symbol file LoadedFromMemory is not a mono symbol file
Symbol file data-000001F8002F0020 doesn't match image C:\Users\serda\OneDrive\Masaüstü\AYTIKCI Game\AYTIKCI-Games\AYTIKCI Games\Library\ScriptAssemblies\Unity.TextMeshPro.dll
Symbol file LoadedFromMemory is not a mono symbol file
Symbol file data-000001F800CD4020 doesn't match image C:\Users\serda\OneDrive\Masaüstü\AYTIKCI Game\AYTIKCI-Games\AYTIKCI Games\Library\ScriptAssemblies\Unity.TextMeshPro.Editor.dll
Symbol file LoadedFromMemory is not a mono symbol file
Symbol file data-000001F7F5E82DA0 doesn't match image C:\Users\serda\OneDrive\Masaüstü\AYTIKCI Game\AYTIKCI-Games\AYTIKCI Games\Library\ScriptAssemblies\Unity.VisualScripting.State.dll
Symbol file LoadedFromMemory is not a mono symbol file
Symbol file data-000001F7F6177E40 doesn't match image C:\Users\serda\OneDrive\Masaüstü\AYTIKCI Game\AYTIKCI-Games\AYTIKCI Games\Library\ScriptAssemblies\Unity.VSCode.Editor.dll
Symbol file LoadedFromMemory is not a mono symbol file
- Loaded All Assemblies, in  0.439 seconds
Native extension for UWP target not found
Native extension for WindowsStandalone target not found
Native extension for Android target not found
[Package Manager] Server::EnsureServerProcessIsRunning -- launch failed, reason: Unity was launched with the -noUpm command-line argument
[Package Manager] UpmClient::Send -- Unable to send message (not connected to UPM process).
[Package Manager] Cannot connect to Unity Package Manager local server
Mono: successfully reloaded assembly
- Finished resetting the current domain, in  1.004 seconds
Domain Reload Profiling: 1440ms
	BeginReloadAssembly (140ms)
		ExecutionOrderSort (0ms)
		DisableScriptedObjects (4ms)
		BackupInstance (0ms)
		ReleaseScriptingObjects (0ms)
		CreateAndSetChildDomain (30ms)
	RebuildCommonClasses (32ms)
	RebuildNativeTypeToScriptingClass (15ms)
	initialDomainReloadingComplete (32ms)
	LoadAllAssembliesAndSetupDomain (216ms)
		LoadAssemblies (278ms)
		RebuildTransferFunctionScriptingTraits (0ms)
		AnalyzeDomain (14ms)
			TypeCache.Refresh (5ms)
				TypeCache.ScanAssembly (0ms)
			ScanForSourceGeneratedMonoScriptInfo (0ms)
			ResolveRequiredComponents (7ms)
	FinalizeReload (1004ms)
		ReleaseScriptCaches (0ms)
		RebuildScriptCaches (0ms)
		SetupLoadedEditorAssemblies (470ms)
			LogAssemblyErrors (0ms)
			InitializePlatformSupportModulesInManaged (23ms)
			SetLoadedEditorAssemblies (5ms)
			RefreshPlugins (0ms)
			BeforeProcessingInitializeOnLoad (68ms)
			ProcessInitializeOnLoadAttributes (347ms)
			ProcessInitializeOnLoadMethodAttributes (18ms)
			AfterProcessingInitializeOnLoad (9ms)
			EditorAssembliesLoaded (0ms)
		ExecutionOrderSort2 (0ms)
		AwakeInstancesAfterBackupRestoration (7ms)
Refreshing native plugins compatible for Editor in 4.45 ms, found 3 plugins.
Preloading 0 native plugins for Editor in 0.00 ms.
Unloading 3334 Unused Serialized files (Serialized files now loaded: 0)
Unloading 15 unused Assets / (109.4 KB). Loaded Objects now: 3840.
Memory consumption went from 123.6 MB to 123.5 MB.
Total: 3.051900 ms (FindLiveObjects: 0.342900 ms CreateObjectMapping: 0.118300 ms MarkObjects: 2.515700 ms  DeleteObjects: 0.073800 ms)

Prepare: number of updated asset objects reloaded= 0
AssetImportParameters requested are different than current active one (requested -> active):
  custom:container-demuxer-ogg: 62fdf1f143b41e24485cea50d1cbac27 -> 
  custom:video-decoder-ogg-theora: a1e56fd34408186e4bbccfd4996cb3dc -> 
  custom:framework-win-MediaFoundation: 216162199b28c13a410421893ffa2e32 -> 
  custom:CustomObjectIndexerAttribute: 9a22284fe3817be447336de3de66b15e -> 
  custom:container-demuxer-webm: 4f35f7cbe854078d1ac9338744f61a02 -> 
  custom:container-muxer-webm: aa71ff27fc2769a1b78a27578f13a17b -> 
  custom:video-decoder-webm-vp8: 9c59270c3fd7afecdb556c50c9e8de78 -> 
  custom:SearchIndexIgnoredProperties: e643bd26f0fe6173181afceb89e7c659 -> 
  custom:AudioImporter_EditorPlatform: d09bf68614088b80899f8185d706f6e7 -> 
  custom:video-encoder-webm-vp8: eb34c28f22e8b96e1ab97ce403110664 -> 
  custom:audio-decoder-ogg-vorbis: bf7c407c2cedff20999df2af8eb42d56 -> 
  custom:audio-encoder-webm-vorbis: bf7c407c2cedff20999df2af8eb42d56 -> 
========================================================================
Received Prepare
Caller must complete domain reload
Begin MonoManager ReloadAssembly
Symbol file data-000001F7F5E8B680 doesn't match image C:\Users\serda\OneDrive\Masaüstü\AYTIKCI Game\AYTIKCI-Games\AYTIKCI Games\Library\ScriptAssemblies\Unity.EditorCoroutines.Editor.dll
Symbol file LoadedFromMemory is not a mono symbol file
Symbol file data-000001F7F92B2030 doesn't match image C:\Users\serda\OneDrive\Masaüstü\AYTIKCI Game\AYTIKCI-Games\AYTIKCI Games\Library\ScriptAssemblies\Unity.PlasticSCM.Editor.dll
Symbol file LoadedFromMemory is not a mono symbol file
Symbol file data-000001F7F92B2030 doesn't match image C:\Users\serda\OneDrive\Masaüstü\AYTIKCI Game\AYTIKCI-Games\AYTIKCI Games\Library\ScriptAssemblies\Unity.Timeline.Editor.dll
Symbol file LoadedFromMemory is not a mono symbol file
Symbol file data-000001F7F5E8B680 doesn't match image C:\Users\serda\OneDrive\Masaüstü\AYTIKCI Game\AYTIKCI-Games\AYTIKCI Games\Library\ScriptAssemblies\Unity.VisualScripting.Shared.Editor.dll
Symbol file LoadedFromMemory is not a mono symbol file
Symbol file data-000001F7F5E8B680 doesn't match image C:\Users\serda\OneDrive\Masaüstü\AYTIKCI Game\AYTIKCI-Games\AYTIKCI Games\Library\ScriptAssemblies\Unity.CollabProxy.Editor.dll
Symbol file LoadedFromMemory is not a mono symbol file
Symbol file data-000001F801930010 doesn't match image C:\Users\serda\OneDrive\Masaüstü\AYTIKCI Game\AYTIKCI-Games\AYTIKCI Games\Library\ScriptAssemblies\Unity.VisualStudio.Editor.dll
Symbol file LoadedFromMemory is not a mono symbol file
Symbol file data-000001F7F60C8A60 doesn't match image C:\Users\serda\OneDrive\Masaüstü\AYTIKCI Game\AYTIKCI-Games\AYTIKCI Games\Library\ScriptAssemblies\UnityEditor.UI.dll
Symbol file LoadedFromMemory is not a mono symbol file
Symbol file data-000001F80090E020 doesn't match image C:\Users\serda\OneDrive\Masaüstü\AYTIKCI Game\AYTIKCI-Games\AYTIKCI Games\Library\ScriptAssemblies\Unity.VisualScripting.Core.dll
Symbol file LoadedFromMemory is not a mono symbol file
Symbol file data-000001F800012010 doesn't match image C:\Users\serda\OneDrive\Masaüstü\AYTIKCI Game\AYTIKCI-Games\AYTIKCI Games\Library\ScriptAssemblies\UnityEngine.UI.dll
Symbol file LoadedFromMemory is not a mono symbol file
Symbol file data-000001F7F92B2030 doesn't match image C:\Users\serda\OneDrive\Masaüstü\AYTIKCI Game\AYTIKCI-Games\AYTIKCI Games\Library\ScriptAssemblies\Unity.VisualScripting.Core.Editor.dll
Symbol file LoadedFromMemory is not a mono symbol file
Symbol file data-000001F7F913EB00 doesn't match image C:\Users\serda\OneDrive\Masaüstü\AYTIKCI Game\AYTIKCI-Games\AYTIKCI Games\Library\ScriptAssemblies\Unity.Rider.Editor.dll
Symbol file LoadedFromMemory is not a mono symbol file
Symbol file data-000001F800CD4020 doesn't match image C:\Users\serda\OneDrive\Masaüstü\AYTIKCI Game\AYTIKCI-Games\AYTIKCI Games\Library\ScriptAssemblies\UnityEditor.TestRunner.dll
Symbol file LoadedFromMemory is not a mono symbol file
Symbol file data-000001F7B23A8010 doesn't match image C:\Users\serda\OneDrive\Masaüstü\AYTIKCI Game\AYTIKCI-Games\AYTIKCI Games\Library\ScriptAssemblies\Unity.VisualScripting.Flow.dll
Symbol file LoadedFromMemory is not a mono symbol file
Symbol file data-000001F8016E8020 doesn't match image C:\Users\serda\OneDrive\Masaüstü\AYTIKCI Game\AYTIKCI-Games\AYTIKCI Games\Library\ScriptAssemblies\Unity.VisualScripting.Flow.Editor.dll
Symbol file LoadedFromMemory is not a mono symbol file
Symbol file data-000001F7F6017F90 doesn't match image C:\Users\serda\OneDrive\Masaüstü\AYTIKCI Game\AYTIKCI-Games\AYTIKCI Games\Library\ScriptAssemblies\Unity.Timeline.dll
Symbol file LoadedFromMemory is not a mono symbol file
Symbol file data-000001F7F5E8B680 doesn't match image C:\Users\serda\OneDrive\Masaüstü\AYTIKCI Game\AYTIKCI-Games\AYTIKCI Games\Library\ScriptAssemblies\Unity.TestTools.CodeCoverage.Editor.OpenCover.Mono.Reflection.dll
Symbol file LoadedFromMemory is not a mono symbol file
Symbol file data-000001F7F74CE830 doesn't match image C:\Users\serda\OneDrive\Masaüstü\AYTIKCI Game\AYTIKCI-Games\AYTIKCI Games\Library\ScriptAssemblies\Unity.VisualScripting.SettingsProvider.Editor.dll
Symbol file LoadedFromMemory is not a mono symbol file
Symbol file data-000001F8016E8020 doesn't match image C:\Users\serda\OneDrive\Masaüstü\AYTIKCI Game\AYTIKCI-Games\AYTIKCI Games\Library\ScriptAssemblies\Unity.Performance.Profile-Analyzer.Editor.dll
Symbol file LoadedFromMemory is not a mono symbol file
Symbol file data-000001F80015C020 doesn't match image C:\Users\serda\OneDrive\Masaüstü\AYTIKCI Game\AYTIKCI-Games\AYTIKCI Games\Library\ScriptAssemblies\Unity.TestTools.CodeCoverage.Editor.dll
Symbol file LoadedFromMemory is not a mono symbol file
Symbol file data-000001F7F9305040 doesn't match image C:\Users\serda\OneDrive\Masaüstü\AYTIKCI Game\AYTIKCI-Games\AYTIKCI Games\Library\ScriptAssemblies\Unity.TestTools.CodeCoverage.Editor.OpenCover.Model.dll
Symbol file LoadedFromMemory is not a mono symbol file
Symbol file data-000001F7F63F3010 doesn't match image C:\Users\serda\OneDrive\Masaüstü\AYTIKCI Game\AYTIKCI-Games\AYTIKCI Games\Library\ScriptAssemblies\UnityEngine.TestRunner.dll
Symbol file LoadedFromMemory is not a mono symbol file
Symbol file data-000001F7F60C8A60 doesn't match image C:\Users\serda\OneDrive\Masaüstü\AYTIKCI Game\AYTIKCI-Games\AYTIKCI Games\Library\ScriptAssemblies\Unity.VisualScripting.State.Editor.dll
Symbol file LoadedFromMemory is not a mono symbol file
Symbol file data-000001F7F75DB010 doesn't match image C:\Users\serda\OneDrive\Masaüstü\AYTIKCI Game\AYTIKCI-Games\AYTIKCI Games\Library\ScriptAssemblies\Unity.Settings.Editor.dll
Symbol file LoadedFromMemory is not a mono symbol file
Symbol file data-000001F7F7B3E010 doesn't match image C:\Users\serda\OneDrive\Masaüstü\AYTIKCI Game\AYTIKCI-Games\AYTIKCI Games\Library\ScriptAssemblies\Unity.TextMeshPro.dll
Symbol file LoadedFromMemory is not a mono symbol file
Symbol file data-000001F800CD4020 doesn't match image C:\Users\serda\OneDrive\Masaüstü\AYTIKCI Game\AYTIKCI-Games\AYTIKCI Games\Library\ScriptAssemblies\Unity.TextMeshPro.Editor.dll
Symbol file LoadedFromMemory is not a mono symbol file
Symbol file data-000001F7F75DB010 doesn't match image C:\Users\serda\OneDrive\Masaüstü\AYTIKCI Game\AYTIKCI-Games\AYTIKCI Games\Library\ScriptAssemblies\Unity.VisualScripting.State.dll
Symbol file LoadedFromMemory is not a mono symbol file
Symbol file data-000001F80028AA30 doesn't match image C:\Users\serda\OneDrive\Masaüstü\AYTIKCI Game\AYTIKCI-Games\AYTIKCI Games\Library\ScriptAssemblies\Unity.VSCode.Editor.dll
Symbol file LoadedFromMemory is not a mono symbol file
- Loaded All Assemblies, in  0.436 seconds
Native extension for UWP target not found
Native extension for WindowsStandalone target not found
Native extension for Android target not found
[Package Manager] Server::EnsureServerProcessIsRunning -- launch failed, reason: Unity was launched with the -noUpm command-line argument
[Package Manager] UpmClient::Send -- Unable to send message (not connected to UPM process).
[Package Manager] Cannot connect to Unity Package Manager local server
Mono: successfully reloaded assembly
- Finished resetting the current domain, in  0.985 seconds
Domain Reload Profiling: 1418ms
	BeginReloadAssembly (139ms)
		ExecutionOrderSort (0ms)
		DisableScriptedObjects (4ms)
		BackupInstance (0ms)
		ReleaseScriptingObjects (0ms)
		CreateAndSetChildDomain (26ms)
	RebuildCommonClasses (41ms)
	RebuildNativeTypeToScriptingClass (11ms)
	initialDomainReloadingComplete (29ms)
	LoadAllAssembliesAndSetupDomain (211ms)
		LoadAssemblies (278ms)
		RebuildTransferFunctionScriptingTraits (0ms)
		AnalyzeDomain (12ms)
			TypeCache.Refresh (5ms)
				TypeCache.ScanAssembly (0ms)
			ScanForSourceGeneratedMonoScriptInfo (0ms)
			ResolveRequiredComponents (6ms)
	FinalizeReload (986ms)
		ReleaseScriptCaches (0ms)
		RebuildScriptCaches (0ms)
		SetupLoadedEditorAssemblies (471ms)
			LogAssemblyErrors (0ms)
			InitializePlatformSupportModulesInManaged (23ms)
			SetLoadedEditorAssemblies (3ms)
			RefreshPlugins (0ms)
			BeforeProcessingInitializeOnLoad (68ms)
			ProcessInitializeOnLoadAttributes (346ms)
			ProcessInitializeOnLoadMethodAttributes (21ms)
			AfterProcessingInitializeOnLoad (11ms)
			EditorAssembliesLoaded (0ms)
		ExecutionOrderSort2 (0ms)
		AwakeInstancesAfterBackupRestoration (7ms)
Refreshing native plugins compatible for Editor in 4.64 ms, found 3 plugins.
Preloading 0 native plugins for Editor in 0.00 ms.
Unloading 3335 Unused Serialized files (Serialized files now loaded: 0)
Unloading 15 unused Assets / (109.3 KB). Loaded Objects now: 3855.
Memory consumption went from 123.9 MB to 123.8 MB.
Total: 2.940700 ms (FindLiveObjects: 0.376000 ms CreateObjectMapping: 0.081400 ms MarkObjects: 2.411900 ms  DeleteObjects: 0.070400 ms)

Prepare: number of updated asset objects reloaded= 0
AssetImportParameters requested are different than current active one (requested -> active):
  custom:container-demuxer-ogg: 62fdf1f143b41e24485cea50d1cbac27 -> 
  custom:video-decoder-ogg-theora: a1e56fd34408186e4bbccfd4996cb3dc -> 
  custom:framework-win-MediaFoundation: 216162199b28c13a410421893ffa2e32 -> 
  custom:CustomObjectIndexerAttribute: 9a22284fe3817be447336de3de66b15e -> 
  custom:container-demuxer-webm: 4f35f7cbe854078d1ac9338744f61a02 -> 
  custom:container-muxer-webm: aa71ff27fc2769a1b78a27578f13a17b -> 
  custom:video-decoder-webm-vp8: 9c59270c3fd7afecdb556c50c9e8de78 -> 
  custom:SearchIndexIgnoredProperties: e643bd26f0fe6173181afceb89e7c659 -> 
  custom:AudioImporter_EditorPlatform: d09bf68614088b80899f8185d706f6e7 -> 
  custom:video-encoder-webm-vp8: eb34c28f22e8b96e1ab97ce403110664 -> 
  custom:audio-decoder-ogg-vorbis: bf7c407c2cedff20999df2af8eb42d56 -> 
  custom:audio-encoder-webm-vorbis: bf7c407c2cedff20999df2af8eb42d56 -> 
========================================================================
Received Import Request.
  Time since last request: 350.603452 seconds.
  path: Assets/Scenes/SampleScene.unity
  artifactKey: Guid(9fc0d4010bbf28b4594072e72b8655ab) Importer(815301076,1909f56bfc062723c751e8b465ee728b)
Start importing Assets/Scenes/SampleScene.unity using Guid(9fc0d4010bbf28b4594072e72b8655ab) Importer(815301076,1909f56bfc062723c751e8b465ee728b) [PhysX] Initialized MultithreadedTaskDispatcher with 16 workers.
 -> (artifact id: '2ac081d588ab93197324e296670a5eda') in 0.001613 seconds
Number of updated asset objects reloaded before import = 0
Number of asset objects unloaded after import = 0
========================================================================
Received Prepare
Caller must complete domain reload
Begin MonoManager ReloadAssembly
Symbol file data-000001F7F64EAF10 doesn't match image C:\Users\serda\OneDrive\Masaüstü\AYTIKCI Game\AYTIKCI-Games\AYTIKCI Games\Library\ScriptAssemblies\Unity.EditorCoroutines.Editor.dll
Symbol file LoadedFromMemory is not a mono symbol file
Symbol file data-000001F801C6E6C0 doesn't match image C:\Users\serda\OneDrive\Masaüstü\AYTIKCI Game\AYTIKCI-Games\AYTIKCI Games\Library\ScriptAssemblies\Unity.PlasticSCM.Editor.dll
Symbol file LoadedFromMemory is not a mono symbol file
Symbol file data-000001F7F6329060 doesn't match image C:\Users\serda\OneDrive\Masaüstü\AYTIKCI Game\AYTIKCI-Games\AYTIKCI Games\Library\ScriptAssemblies\Unity.Timeline.Editor.dll
Symbol file LoadedFromMemory is not a mono symbol file
Symbol file data-000001F8002D6F60 doesn't match image C:\Users\serda\OneDrive\Masaüstü\AYTIKCI Game\AYTIKCI-Games\AYTIKCI Games\Library\ScriptAssemblies\Unity.VisualScripting.Shared.Editor.dll
Symbol file LoadedFromMemory is not a mono symbol file
Symbol file data-000001F8002D6F60 doesn't match image C:\Users\serda\OneDrive\Masaüstü\AYTIKCI Game\AYTIKCI-Games\AYTIKCI Games\Library\ScriptAssemblies\Unity.CollabProxy.Editor.dll
Symbol file LoadedFromMemory is not a mono symbol file
Symbol file data-000001F7B2356010 doesn't match image C:\Users\serda\OneDrive\Masaüstü\AYTIKCI Game\AYTIKCI-Games\AYTIKCI Games\Library\ScriptAssemblies\Unity.VisualStudio.Editor.dll
Symbol file LoadedFromMemory is not a mono symbol file
Symbol file data-000001F7F5ECE010 doesn't match image C:\Users\serda\OneDrive\Masaüstü\AYTIKCI Game\AYTIKCI-Games\AYTIKCI Games\Library\ScriptAssemblies\UnityEditor.UI.dll
Symbol file LoadedFromMemory is not a mono symbol file
Symbol file data-000001F7F9250030 doesn't match image C:\Users\serda\OneDrive\Masaüstü\AYTIKCI Game\AYTIKCI-Games\AYTIKCI Games\Library\ScriptAssemblies\Unity.VisualScripting.Core.dll
Symbol file LoadedFromMemory is not a mono symbol file
Symbol file data-000001F7F5DFD020 doesn't match image C:\Users\serda\OneDrive\Masaüstü\AYTIKCI Game\AYTIKCI-Games\AYTIKCI Games\Library\ScriptAssemblies\UnityEngine.UI.dll
Symbol file LoadedFromMemory is not a mono symbol file
Symbol file data-000001F7F931E040 doesn't match image C:\Users\serda\OneDrive\Masaüstü\AYTIKCI Game\AYTIKCI-Games\AYTIKCI Games\Library\ScriptAssemblies\Unity.VisualScripting.Core.Editor.dll
Symbol file LoadedFromMemory is not a mono symbol file
Symbol file data-000001F8015D8020 doesn't match image C:\Users\serda\OneDrive\Masaüstü\AYTIKCI Game\AYTIKCI-Games\AYTIKCI Games\Library\ScriptAssemblies\Unity.Rider.Editor.dll
Symbol file LoadedFromMemory is not a mono symbol file
Symbol file data-000001F7F937F850 doesn't match image C:\Users\serda\OneDrive\Masaüstü\AYTIKCI Game\AYTIKCI-Games\AYTIKCI Games\Library\ScriptAssemblies\UnityEditor.TestRunner.dll
Symbol file LoadedFromMemory is not a mono symbol file
Symbol file data-000001F801A93A80 doesn't match image C:\Users\serda\OneDrive\Masaüstü\AYTIKCI Game\AYTIKCI-Games\AYTIKCI Games\Library\ScriptAssemblies\Unity.VisualScripting.Flow.dll
Symbol file LoadedFromMemory is not a mono symbol file
Symbol file data-000001F800EDC010 doesn't match image C:\Users\serda\OneDrive\Masaüstü\AYTIKCI Game\AYTIKCI-Games\AYTIKCI Games\Library\ScriptAssemblies\Unity.VisualScripting.Flow.Editor.dll
Symbol file LoadedFromMemory is not a mono symbol file
Symbol file data-000001F7F9132AE0 doesn't match image C:\Users\serda\OneDrive\Masaüstü\AYTIKCI Game\AYTIKCI-Games\AYTIKCI Games\Library\ScriptAssemblies\Unity.Timeline.dll
Symbol file LoadedFromMemory is not a mono symbol file
Symbol file data-000001F7F7DEA030 doesn't match image C:\Users\serda\OneDrive\Masaüstü\AYTIKCI Game\AYTIKCI-Games\AYTIKCI Games\Library\ScriptAssemblies\Unity.TestTools.CodeCoverage.Editor.OpenCover.Mono.Reflection.dll
Symbol file LoadedFromMemory is not a mono symbol file
Symbol file data-000001F8002D6F60 doesn't match image C:\Users\serda\OneDrive\Masaüstü\AYTIKCI Game\AYTIKCI-Games\AYTIKCI Games\Library\ScriptAssemblies\Unity.VisualScripting.SettingsProvider.Editor.dll
Symbol file LoadedFromMemory is not a mono symbol file
Symbol file data-000001F800EDC010 doesn't match image C:\Users\serda\OneDrive\Masaüstü\AYTIKCI Game\AYTIKCI-Games\AYTIKCI Games\Library\ScriptAssemblies\Unity.Performance.Profile-Analyzer.Editor.dll
Symbol file LoadedFromMemory is not a mono symbol file
Symbol file data-000001F7F941A020 doesn't match image C:\Users\serda\OneDrive\Masaüstü\AYTIKCI Game\AYTIKCI-Games\AYTIKCI Games\Library\ScriptAssemblies\Unity.TestTools.CodeCoverage.Editor.dll
Symbol file LoadedFromMemory is not a mono symbol file
Symbol file data-000001F7F681E010 doesn't match image C:\Users\serda\OneDrive\Masaüstü\AYTIKCI Game\AYTIKCI-Games\AYTIKCI Games\Library\ScriptAssemblies\Unity.TestTools.CodeCoverage.Editor.OpenCover.Model.dll
Symbol file LoadedFromMemory is not a mono symbol file
Symbol file data-000001F7F5E37020 doesn't match image C:\Users\serda\OneDrive\Masaüstü\AYTIKCI Game\AYTIKCI-Games\AYTIKCI Games\Library\ScriptAssemblies\UnityEngine.TestRunner.dll
Symbol file LoadedFromMemory is not a mono symbol file
Symbol file data-000001F7F5ECE010 doesn't match image C:\Users\serda\OneDrive\Masaüstü\AYTIKCI Game\AYTIKCI-Games\AYTIKCI Games\Library\ScriptAssemblies\Unity.VisualScripting.State.Editor.dll
Symbol file LoadedFromMemory is not a mono symbol file
Symbol file data-000001F7F681E010 doesn't match image C:\Users\serda\OneDrive\Masaüstü\AYTIKCI Game\AYTIKCI-Games\AYTIKCI Games\Library\ScriptAssemblies\Unity.Settings.Editor.dll
Symbol file LoadedFromMemory is not a mono symbol file
Symbol file data-000001F7B23A8010 doesn't match image C:\Users\serda\OneDrive\Masaüstü\AYTIKCI Game\AYTIKCI-Games\AYTIKCI Games\Library\ScriptAssemblies\Unity.TextMeshPro.dll
Symbol file LoadedFromMemory is not a mono symbol file
Symbol file data-000001F7F9132AE0 doesn't match image C:\Users\serda\OneDrive\Masaüstü\AYTIKCI Game\AYTIKCI-Games\AYTIKCI Games\Library\ScriptAssemblies\Unity.TextMeshPro.Editor.dll
Symbol file LoadedFromMemory is not a mono symbol file
Symbol file data-000001F7F681E010 doesn't match image C:\Users\serda\OneDrive\Masaüstü\AYTIKCI Game\AYTIKCI-Games\AYTIKCI Games\Library\ScriptAssemblies\Unity.VisualScripting.State.dll
Symbol file LoadedFromMemory is not a mono symbol file
Symbol file data-000001F801D58000 doesn't match image C:\Users\serda\OneDrive\Masaüstü\AYTIKCI Game\AYTIKCI-Games\AYTIKCI Games\Library\ScriptAssemblies\Unity.VSCode.Editor.dll
Symbol file LoadedFromMemory is not a mono symbol file
- Loaded All Assemblies, in  0.440 seconds
Native extension for UWP target not found
Native extension for WindowsStandalone target not found
Native extension for Android target not found
[Package Manager] Server::EnsureServerProcessIsRunning -- launch failed, reason: Unity was launched with the -noUpm command-line argument
[Package Manager] UpmClient::Send -- Unable to send message (not connected to UPM process).
[Package Manager] Cannot connect to Unity Package Manager local server
Mono: successfully reloaded assembly
- Finished resetting the current domain, in  1.040 seconds
Domain Reload Profiling: 1475ms
	BeginReloadAssembly (150ms)
		ExecutionOrderSort (0ms)
		DisableScriptedObjects (5ms)
		BackupInstance (0ms)
		ReleaseScriptingObjects (0ms)
		CreateAndSetChildDomain (26ms)
	RebuildCommonClasses (35ms)
	RebuildNativeTypeToScriptingClass (12ms)
	initialDomainReloadingComplete (29ms)
	LoadAllAssembliesAndSetupDomain (209ms)
		LoadAssemblies (283ms)
		RebuildTransferFunctionScriptingTraits (0ms)
		AnalyzeDomain (15ms)
			TypeCache.Refresh (5ms)
				TypeCache.ScanAssembly (0ms)
			ScanForSourceGeneratedMonoScriptInfo (0ms)
			ResolveRequiredComponents (8ms)
	FinalizeReload (1040ms)
		ReleaseScriptCaches (0ms)
		RebuildScriptCaches (0ms)
		SetupLoadedEditorAssemblies (493ms)
			LogAssemblyErrors (0ms)
			InitializePlatformSupportModulesInManaged (22ms)
			SetLoadedEditorAssemblies (5ms)
			RefreshPlugins (0ms)
			BeforeProcessingInitializeOnLoad (72ms)
			ProcessInitializeOnLoadAttributes (364ms)
			ProcessInitializeOnLoadMethodAttributes (19ms)
			AfterProcessingInitializeOnLoad (10ms)
			EditorAssembliesLoaded (0ms)
		ExecutionOrderSort2 (0ms)
		AwakeInstancesAfterBackupRestoration (6ms)
Refreshing native plugins compatible for Editor in 4.94 ms, found 3 plugins.
Preloading 0 native plugins for Editor in 0.00 ms.
Unloading 3334 Unused Serialized files (Serialized files now loaded: 0)
Unloading 15 unused Assets / (109.4 KB). Loaded Objects now: 3870.
Memory consumption went from 123.6 MB to 123.5 MB.
Total: 3.105400 ms (FindLiveObjects: 0.321600 ms CreateObjectMapping: 0.081200 ms MarkObjects: 2.559400 ms  DeleteObjects: 0.142000 ms)

Prepare: number of updated asset objects reloaded= 0
AssetImportParameters requested are different than current active one (requested -> active):
  custom:container-demuxer-ogg: 62fdf1f143b41e24485cea50d1cbac27 -> 
  custom:video-decoder-ogg-theora: a1e56fd34408186e4bbccfd4996cb3dc -> 
  custom:framework-win-MediaFoundation: 216162199b28c13a410421893ffa2e32 -> 
  custom:CustomObjectIndexerAttribute: 9a22284fe3817be447336de3de66b15e -> 
  custom:container-demuxer-webm: 4f35f7cbe854078d1ac9338744f61a02 -> 
  custom:container-muxer-webm: aa71ff27fc2769a1b78a27578f13a17b -> 
  custom:video-decoder-webm-vp8: 9c59270c3fd7afecdb556c50c9e8de78 -> 
  custom:SearchIndexIgnoredProperties: e643bd26f0fe6173181afceb89e7c659 -> 
  custom:AudioImporter_EditorPlatform: d09bf68614088b80899f8185d706f6e7 -> 
  custom:video-encoder-webm-vp8: eb34c28f22e8b96e1ab97ce403110664 -> 
  custom:audio-decoder-ogg-vorbis: bf7c407c2cedff20999df2af8eb42d56 -> 
  custom:audio-encoder-webm-vorbis: bf7c407c2cedff20999df2af8eb42d56 -> 
========================================================================
Received Import Request.
  Time since last request: 89.592039 seconds.
  path: Assets/Prefab/AudioManager.prefab
  artifactKey: Guid(8c0d64aef595167439d37d20307b25ad) Importer(815301076,1909f56bfc062723c751e8b465ee728b)
Start importing Assets/Prefab/AudioManager.prefab using Guid(8c0d64aef595167439d37d20307b25ad) Importer(815301076,1909f56bfc062723c751e8b465ee728b) [PhysX] Initialized MultithreadedTaskDispatcher with 16 workers.
 -> (artifact id: 'b868398ac0533bf5bc35f2ac526f7615') in 0.025410 seconds
Number of updated asset objects reloaded before import = 0
Number of asset objects unloaded after import = 5
========================================================================
Received Import Request.
  Time since last request: 0.020120 seconds.
  path: Assets/Prefab/CPU.prefab
  artifactKey: Guid(950cfa678465e9b45881194e9e9dba05) Importer(815301076,1909f56bfc062723c751e8b465ee728b)
Start importing Assets/Prefab/CPU.prefab using Guid(950cfa678465e9b45881194e9e9dba05) Importer(815301076,1909f56bfc062723c751e8b465ee728b) [PhysX] Initialized MultithreadedTaskDispatcher with 16 workers.
[PhysX] Initialized MultithreadedTaskDispatcher with 16 workers.
 -> (artifact id: '7c4ed67866dfeca2e0cac42428647ffd') in 0.087553 seconds
Number of updated asset objects reloaded before import = 0
Number of asset objects unloaded after import = 10
========================================================================
Received Import Request.
  Time since last request: 0.000036 seconds.
  path: Assets/Prefab/Turret.prefab
  artifactKey: Guid(c6657f51a4806c342a6165e3d9bfb684) Importer(815301076,1909f56bfc062723c751e8b465ee728b)
Start importing Assets/Prefab/Turret.prefab using Guid(c6657f51a4806c342a6165e3d9bfb684) Importer(815301076,1909f56bfc062723c751e8b465ee728b) [PhysX] Initialized MultithreadedTaskDispatcher with 16 workers.
[PhysX] Initialized MultithreadedTaskDispatcher with 16 workers.
 -> (artifact id: '9ac0353f1925797548c5b28a3f8602de') in 0.028280 seconds
Number of updated asset objects reloaded before import = 0
Number of asset objects unloaded after import = 10
========================================================================
Received Import Request.
  Time since last request: 0.000023 seconds.
  path: Assets/Prefab/Turret 1 Preview.prefab
  artifactKey: Guid(3dd901b6fd1c37848a79315e5bbc4a2d) Importer(815301076,1909f56bfc062723c751e8b465ee728b)
Start importing Assets/Prefab/Turret 1 Preview.prefab using Guid(3dd901b6fd1c37848a79315e5bbc4a2d) Importer(815301076,1909f56bfc062723c751e8b465ee728b) [PhysX] Initialized MultithreadedTaskDispatcher with 16 workers.
[PhysX] Initialized MultithreadedTaskDispatcher with 16 workers.
 -> (artifact id: 'cc8a5d99414661e342853b18124fa8ec') in 0.018442 seconds
Number of updated asset objects reloaded before import = 0
Number of asset objects unloaded after import = 9
