Using pre-set license
Built from '2022.3/staging' branch; Version is '2022.3.51f1 (9f9d16c45e54) revision 10460438'; Using compiler version '192829333'; Build Type 'Release'
OS: 'Windows 10  (10.0.19045) 64bit Professional' Language: 'tr' Physical Memory: 32693 MB
BatchMode: 1, IsHumanControllingUs: 0, StartBugReporterOnCrash: 0, Is64bit: 1, IsPro: 1

COMMAND LINE ARGUMENTS:
C:\Program Files\Unity\Hub\Editor\2022.3.51f1\Editor\Unity.exe
-adb2
-batchMode
-noUpm
-name
AssetImportWorker9
-projectPath
C:/Users/serda/OneDrive/Masaüstü/AYTIKCI Game/AYTIKCI-Games/AYTIKCI Games
-logFile
Logs/AssetImportWorker9.log
-srvPort
57221
Successfully changed project path to: C:/Users/serda/OneDrive/Masaüstü/AYTIKCI Game/AYTIKCI-Games/AYTIKCI Games
C:/Users/serda/OneDrive/Masaüstü/AYTIKCI Game/AYTIKCI-Games/AYTIKCI Games
[UnityMemory] Configuration Parameters - Can be set up in boot.config
    "memorysetup-bucket-allocator-granularity=16"
    "memorysetup-bucket-allocator-bucket-count=8"
    "memorysetup-bucket-allocator-block-size=33554432"
    "memorysetup-bucket-allocator-block-count=8"
    "memorysetup-main-allocator-block-size=16777216"
    "memorysetup-thread-allocator-block-size=16777216"
    "memorysetup-gfx-main-allocator-block-size=16777216"
    "memorysetup-gfx-thread-allocator-block-size=16777216"
    "memorysetup-cache-allocator-block-size=4194304"
    "memorysetup-typetree-allocator-block-size=2097152"
    "memorysetup-profiler-bucket-allocator-granularity=16"
    "memorysetup-profiler-bucket-allocator-bucket-count=8"
    "memorysetup-profiler-bucket-allocator-block-size=33554432"
    "memorysetup-profiler-bucket-allocator-block-count=8"
    "memorysetup-profiler-allocator-block-size=16777216"
    "memorysetup-profiler-editor-allocator-block-size=1048576"
    "memorysetup-temp-allocator-size-main=16777216"
    "memorysetup-job-temp-allocator-block-size=2097152"
    "memorysetup-job-temp-allocator-block-size-background=1048576"
    "memorysetup-job-temp-allocator-reduction-small-platforms=262144"
    "memorysetup-allocator-temp-initial-block-size-main=262144"
    "memorysetup-allocator-temp-initial-block-size-worker=262144"
    "memorysetup-temp-allocator-size-background-worker=32768"
    "memorysetup-temp-allocator-size-job-worker=262144"
    "memorysetup-temp-allocator-size-preload-manager=33554432"
    "memorysetup-temp-allocator-size-nav-mesh-worker=65536"
    "memorysetup-temp-allocator-size-audio-worker=65536"
    "memorysetup-temp-allocator-size-cloud-worker=32768"
    "memorysetup-temp-allocator-size-gi-baking-worker=262144"
    "memorysetup-temp-allocator-size-gfx=262144"
Player connection [31380]  Target information:

Player connection [31380]  * "[IP] 192.168.1.103 [Port] 0 [Flags] 2 [Guid] 3953856770 [EditorId] 3953856770 [Version] 1048832 [Id] WindowsEditor(7,SerdarPC) [Debug] 1 [PackageName] WindowsEditor [ProjectName] Editor" 

Player connection [31380] Host joined multi-casting on [225.0.0.222:54997]...
Player connection [31380] Host joined alternative multi-casting on [225.0.0.222:34997]...
[PhysX] Initialized MultithreadedTaskDispatcher with 16 workers.
Refreshing native plugins compatible for Editor in 10.61 ms, found 3 plugins.
Preloading 0 native plugins for Editor in 0.00 ms.
Initialize engine version: 2022.3.51f1 (9f9d16c45e54)
[Subsystems] Discovering subsystems at path C:/Program Files/Unity/Hub/Editor/2022.3.51f1/Editor/Data/Resources/UnitySubsystems
[Subsystems] Discovering subsystems at path C:/Users/serda/OneDrive/Masaüstü/AYTIKCI Game/AYTIKCI-Games/AYTIKCI Games/Assets
GfxDevice: creating device client; threaded=0; jobified=0
Direct3D:
    Version:  Direct3D 11.0 [level 11.1]
    Renderer: NVIDIA GeForce RTX 4070 SUPER (ID=0x2783)
    Vendor:   NVIDIA
    VRAM:     12013 MB
    Driver:   31.0.15.4665
Initialize mono
Mono path[0] = 'C:/Program Files/Unity/Hub/Editor/2022.3.51f1/Editor/Data/Managed'
Mono path[1] = 'C:/Program Files/Unity/Hub/Editor/2022.3.51f1/Editor/Data/MonoBleedingEdge/lib/mono/unityjit-win32'
Mono config path = 'C:/Program Files/Unity/Hub/Editor/2022.3.51f1/Editor/Data/MonoBleedingEdge/etc'
Using monoOptions --debugger-agent=transport=dt_socket,embedding=1,server=y,suspend=n,address=127.0.0.1:56612
Begin MonoManager ReloadAssembly
Registering precompiled unity dll's ...
Register platform support module: C:/Program Files/Unity/Hub/Editor/2022.3.51f1/Editor/Data/PlaybackEngines/AndroidPlayer/UnityEditor.Android.Extensions.dll
Register platform support module: C:/Program Files/Unity/Hub/Editor/2022.3.51f1/Editor/Data/PlaybackEngines/WindowsStandaloneSupport/UnityEditor.WindowsStandalone.Extensions.dll
Register platform support module: C:/Program Files/Unity/Hub/Editor/2022.3.51f1/Editor/Data/PlaybackEngines/MetroSupport/UnityEditor.UWP.Extensions.dll
Registered in 0.014710 seconds.
- Loaded All Assemblies, in  0.363 seconds
Native extension for UWP target not found
Native extension for WindowsStandalone target not found
Native extension for Android target not found
Android Extension - Scanning For ADB Devices 413 ms
Mono: successfully reloaded assembly
- Finished resetting the current domain, in  0.691 seconds
Domain Reload Profiling: 1052ms
	BeginReloadAssembly (109ms)
		ExecutionOrderSort (0ms)
		DisableScriptedObjects (0ms)
		BackupInstance (0ms)
		ReleaseScriptingObjects (0ms)
		CreateAndSetChildDomain (1ms)
	RebuildCommonClasses (33ms)
	RebuildNativeTypeToScriptingClass (10ms)
	initialDomainReloadingComplete (64ms)
	LoadAllAssembliesAndSetupDomain (144ms)
		LoadAssemblies (107ms)
		RebuildTransferFunctionScriptingTraits (0ms)
		AnalyzeDomain (141ms)
			TypeCache.Refresh (140ms)
				TypeCache.ScanAssembly (128ms)
			ScanForSourceGeneratedMonoScriptInfo (1ms)
			ResolveRequiredComponents (0ms)
	FinalizeReload (691ms)
		ReleaseScriptCaches (0ms)
		RebuildScriptCaches (0ms)
		SetupLoadedEditorAssemblies (650ms)
			LogAssemblyErrors (0ms)
			InitializePlatformSupportModulesInManaged (489ms)
			SetLoadedEditorAssemblies (4ms)
			RefreshPlugins (0ms)
			BeforeProcessingInitializeOnLoad (2ms)
			ProcessInitializeOnLoadAttributes (113ms)
			ProcessInitializeOnLoadMethodAttributes (42ms)
			AfterProcessingInitializeOnLoad (0ms)
			EditorAssembliesLoaded (0ms)
		ExecutionOrderSort2 (0ms)
		AwakeInstancesAfterBackupRestoration (0ms)
========================================================================
Worker process is ready to serve import requests
Caller must complete domain reload
Begin MonoManager ReloadAssembly
Symbol file data-0000025756732050 doesn't match image C:\Users\serda\OneDrive\Masaüstü\AYTIKCI Game\AYTIKCI-Games\AYTIKCI Games\Library\ScriptAssemblies\Unity.EditorCoroutines.Editor.dll
Symbol file LoadedFromMemory is not a mono symbol file
Symbol file data-00000257780F4010 doesn't match image C:\Users\serda\OneDrive\Masaüstü\AYTIKCI Game\AYTIKCI-Games\AYTIKCI Games\Library\ScriptAssemblies\Unity.PlasticSCM.Editor.dll
Symbol file LoadedFromMemory is not a mono symbol file
Symbol file data-0000025778094010 doesn't match image C:\Users\serda\OneDrive\Masaüstü\AYTIKCI Game\AYTIKCI-Games\AYTIKCI Games\Library\ScriptAssemblies\Unity.Timeline.Editor.dll
Symbol file LoadedFromMemory is not a mono symbol file
Symbol file data-0000025778D63030 doesn't match image C:\Users\serda\OneDrive\Masaüstü\AYTIKCI Game\AYTIKCI-Games\AYTIKCI Games\Library\ScriptAssemblies\Unity.VisualScripting.Shared.Editor.dll
Symbol file LoadedFromMemory is not a mono symbol file
Symbol file data-0000025778250230 doesn't match image C:\Users\serda\OneDrive\Masaüstü\AYTIKCI Game\AYTIKCI-Games\AYTIKCI Games\Library\ScriptAssemblies\Unity.CollabProxy.Editor.dll
Symbol file LoadedFromMemory is not a mono symbol file
Symbol file data-0000025778250230 doesn't match image C:\Users\serda\OneDrive\Masaüstü\AYTIKCI Game\AYTIKCI-Games\AYTIKCI Games\Library\ScriptAssemblies\Unity.VisualStudio.Editor.dll
Symbol file LoadedFromMemory is not a mono symbol file
Symbol file data-0000025778193DB0 doesn't match image C:\Users\serda\OneDrive\Masaüstü\AYTIKCI Game\AYTIKCI-Games\AYTIKCI Games\Library\ScriptAssemblies\UnityEditor.UI.dll
Symbol file LoadedFromMemory is not a mono symbol file
Symbol file data-0000025755CDF8A0 doesn't match image C:\Users\serda\OneDrive\Masaüstü\AYTIKCI Game\AYTIKCI-Games\AYTIKCI Games\Library\ScriptAssemblies\Unity.VisualScripting.Core.dll
Symbol file LoadedFromMemory is not a mono symbol file
Symbol file data-0000025778115A20 doesn't match image C:\Users\serda\OneDrive\Masaüstü\AYTIKCI Game\AYTIKCI-Games\AYTIKCI Games\Library\ScriptAssemblies\UnityEngine.UI.dll
Symbol file LoadedFromMemory is not a mono symbol file
Symbol file data-000002575641E560 doesn't match image C:\Users\serda\OneDrive\Masaüstü\AYTIKCI Game\AYTIKCI-Games\AYTIKCI Games\Library\ScriptAssemblies\Unity.VisualScripting.Core.Editor.dll
Symbol file LoadedFromMemory is not a mono symbol file
Symbol file data-0000025755D210B0 doesn't match image C:\Users\serda\OneDrive\Masaüstü\AYTIKCI Game\AYTIKCI-Games\AYTIKCI Games\Library\ScriptAssemblies\Unity.Rider.Editor.dll
Symbol file LoadedFromMemory is not a mono symbol file
Symbol file data-0000025755C90080 doesn't match image C:\Users\serda\OneDrive\Masaüstü\AYTIKCI Game\AYTIKCI-Games\AYTIKCI Games\Library\ScriptAssemblies\UnityEditor.TestRunner.dll
Symbol file LoadedFromMemory is not a mono symbol file
Symbol file data-0000025755C90080 doesn't match image C:\Users\serda\OneDrive\Masaüstü\AYTIKCI Game\AYTIKCI-Games\AYTIKCI Games\Library\ScriptAssemblies\Unity.VisualScripting.Flow.dll
Symbol file LoadedFromMemory is not a mono symbol file
Symbol file data-0000025755C90080 doesn't match image C:\Users\serda\OneDrive\Masaüstü\AYTIKCI Game\AYTIKCI-Games\AYTIKCI Games\Library\ScriptAssemblies\Unity.VisualScripting.Flow.Editor.dll
Symbol file LoadedFromMemory is not a mono symbol file
Symbol file data-0000025778128230 doesn't match image C:\Users\serda\OneDrive\Masaüstü\AYTIKCI Game\AYTIKCI-Games\AYTIKCI Games\Library\ScriptAssemblies\Unity.Timeline.dll
Symbol file LoadedFromMemory is not a mono symbol file
Symbol file data-0000025756471570 doesn't match image C:\Users\serda\OneDrive\Masaüstü\AYTIKCI Game\AYTIKCI-Games\AYTIKCI Games\Library\ScriptAssemblies\Unity.TestTools.CodeCoverage.Editor.OpenCover.Mono.Reflection.dll
Symbol file LoadedFromMemory is not a mono symbol file
Symbol file data-00000257780DB630 doesn't match image C:\Users\serda\OneDrive\Masaüstü\AYTIKCI Game\AYTIKCI-Games\AYTIKCI Games\Library\ScriptAssemblies\Unity.VisualScripting.SettingsProvider.Editor.dll
Symbol file LoadedFromMemory is not a mono symbol file
Symbol file data-0000025755CB3E90 doesn't match image C:\Users\serda\OneDrive\Masaüstü\AYTIKCI Game\AYTIKCI-Games\AYTIKCI Games\Library\ScriptAssemblies\Unity.Performance.Profile-Analyzer.Editor.dll
Symbol file LoadedFromMemory is not a mono symbol file
Symbol file data-0000025778250230 doesn't match image C:\Users\serda\OneDrive\Masaüstü\AYTIKCI Game\AYTIKCI-Games\AYTIKCI Games\Library\ScriptAssemblies\Unity.TestTools.CodeCoverage.Editor.dll
Symbol file LoadedFromMemory is not a mono symbol file
Symbol file data-00000257780DB630 doesn't match image C:\Users\serda\OneDrive\Masaüstü\AYTIKCI Game\AYTIKCI-Games\AYTIKCI Games\Library\ScriptAssemblies\Unity.TestTools.CodeCoverage.Editor.OpenCover.Model.dll
Symbol file LoadedFromMemory is not a mono symbol file
Symbol file data-0000025778B76470 doesn't match image C:\Users\serda\OneDrive\Masaüstü\AYTIKCI Game\AYTIKCI-Games\AYTIKCI Games\Library\ScriptAssemblies\UnityEngine.TestRunner.dll
Symbol file LoadedFromMemory is not a mono symbol file
Symbol file data-0000025778193DB0 doesn't match image C:\Users\serda\OneDrive\Masaüstü\AYTIKCI Game\AYTIKCI-Games\AYTIKCI Games\Library\ScriptAssemblies\Unity.VisualScripting.State.Editor.dll
Symbol file LoadedFromMemory is not a mono symbol file
Symbol file data-0000025778250230 doesn't match image C:\Users\serda\OneDrive\Masaüstü\AYTIKCI Game\AYTIKCI-Games\AYTIKCI Games\Library\ScriptAssemblies\Unity.Settings.Editor.dll
Symbol file LoadedFromMemory is not a mono symbol file
Symbol file data-0000025756B7E630 doesn't match image C:\Users\serda\OneDrive\Masaüstü\AYTIKCI Game\AYTIKCI-Games\AYTIKCI Games\Library\ScriptAssemblies\Unity.TextMeshPro.dll
Symbol file LoadedFromMemory is not a mono symbol file
Symbol file data-0000025778128230 doesn't match image C:\Users\serda\OneDrive\Masaüstü\AYTIKCI Game\AYTIKCI-Games\AYTIKCI Games\Library\ScriptAssemblies\Unity.TextMeshPro.Editor.dll
Symbol file LoadedFromMemory is not a mono symbol file
Symbol file data-0000025778B76470 doesn't match image C:\Users\serda\OneDrive\Masaüstü\AYTIKCI Game\AYTIKCI-Games\AYTIKCI Games\Library\ScriptAssemblies\Unity.VisualScripting.State.dll
Symbol file LoadedFromMemory is not a mono symbol file
Symbol file data-0000025778134040 doesn't match image C:\Users\serda\OneDrive\Masaüstü\AYTIKCI Game\AYTIKCI-Games\AYTIKCI Games\Library\ScriptAssemblies\Unity.VSCode.Editor.dll
Symbol file LoadedFromMemory is not a mono symbol file
- Loaded All Assemblies, in  0.638 seconds
Native extension for UWP target not found
Native extension for WindowsStandalone target not found
Native extension for Android target not found
Package Manager log level set to [2]
[Package Manager] Server::EnsureServerProcessIsRunning -- launch failed, reason: Unity was launched with the -noUpm command-line argument
[Package Manager] UpmClient::Send -- Unable to send message (not connected to UPM process).
[Package Manager] Cannot connect to Unity Package Manager local server
Mono: successfully reloaded assembly
- Finished resetting the current domain, in  0.628 seconds
Domain Reload Profiling: 1262ms
	BeginReloadAssembly (138ms)
		ExecutionOrderSort (0ms)
		DisableScriptedObjects (5ms)
		BackupInstance (0ms)
		ReleaseScriptingObjects (0ms)
		CreateAndSetChildDomain (19ms)
	RebuildCommonClasses (39ms)
	RebuildNativeTypeToScriptingClass (11ms)
	initialDomainReloadingComplete (41ms)
	LoadAllAssembliesAndSetupDomain (404ms)
		LoadAssemblies (293ms)
		RebuildTransferFunctionScriptingTraits (0ms)
		AnalyzeDomain (191ms)
			TypeCache.Refresh (169ms)
				TypeCache.ScanAssembly (153ms)
			ScanForSourceGeneratedMonoScriptInfo (14ms)
			ResolveRequiredComponents (6ms)
	FinalizeReload (629ms)
		ReleaseScriptCaches (0ms)
		RebuildScriptCaches (0ms)
		SetupLoadedEditorAssemblies (484ms)
			LogAssemblyErrors (0ms)
			InitializePlatformSupportModulesInManaged (21ms)
			SetLoadedEditorAssemblies (4ms)
			RefreshPlugins (0ms)
			BeforeProcessingInitializeOnLoad (70ms)
			ProcessInitializeOnLoadAttributes (361ms)
			ProcessInitializeOnLoadMethodAttributes (18ms)
			AfterProcessingInitializeOnLoad (10ms)
			EditorAssembliesLoaded (0ms)
		ExecutionOrderSort2 (0ms)
		AwakeInstancesAfterBackupRestoration (5ms)
Launched and connected shader compiler UnityShaderCompiler.exe after 0.08 seconds
Refreshing native plugins compatible for Editor in 3.74 ms, found 3 plugins.
Preloading 0 native plugins for Editor in 0.00 ms.
Unloading 3356 Unused Serialized files (Serialized files now loaded: 0)
Unloading 32 unused Assets / (137.6 KB). Loaded Objects now: 3825.
Memory consumption went from 128.0 MB to 127.9 MB.
Total: 2.682000 ms (FindLiveObjects: 0.275400 ms CreateObjectMapping: 0.075000 ms MarkObjects: 2.227000 ms  DeleteObjects: 0.103700 ms)

AssetImportParameters requested are different than current active one (requested -> active):
  custom:container-demuxer-ogg: 62fdf1f143b41e24485cea50d1cbac27 -> 
  custom:video-decoder-ogg-theora: a1e56fd34408186e4bbccfd4996cb3dc -> 
  custom:framework-win-MediaFoundation: 216162199b28c13a410421893ffa2e32 -> 
  custom:CustomObjectIndexerAttribute: 9a22284fe3817be447336de3de66b15e -> 
  custom:container-demuxer-webm: 4f35f7cbe854078d1ac9338744f61a02 -> 
  custom:container-muxer-webm: aa71ff27fc2769a1b78a27578f13a17b -> 
  custom:video-decoder-webm-vp8: 9c59270c3fd7afecdb556c50c9e8de78 -> 
  custom:SearchIndexIgnoredProperties: e643bd26f0fe6173181afceb89e7c659 -> 
  custom:AudioImporter_EditorPlatform: d09bf68614088b80899f8185d706f6e7 -> 
  custom:video-encoder-webm-vp8: eb34c28f22e8b96e1ab97ce403110664 -> 
  custom:audio-decoder-ogg-vorbis: bf7c407c2cedff20999df2af8eb42d56 -> 
  custom:audio-encoder-webm-vorbis: bf7c407c2cedff20999df2af8eb42d56 -> 
========================================================================
Received Prepare
Caller must complete domain reload
Begin MonoManager ReloadAssembly
Symbol file data-0000025780BA8020 doesn't match image C:\Users\serda\OneDrive\Masaüstü\AYTIKCI Game\AYTIKCI-Games\AYTIKCI Games\Library\ScriptAssemblies\Unity.EditorCoroutines.Editor.dll
Symbol file LoadedFromMemory is not a mono symbol file
Symbol file data-000002575614F000 doesn't match image C:\Users\serda\OneDrive\Masaüstü\AYTIKCI Game\AYTIKCI-Games\AYTIKCI Games\Library\ScriptAssemblies\Unity.PlasticSCM.Editor.dll
Symbol file LoadedFromMemory is not a mono symbol file
Symbol file data-0000025778B35060 doesn't match image C:\Users\serda\OneDrive\Masaüstü\AYTIKCI Game\AYTIKCI-Games\AYTIKCI Games\Library\ScriptAssemblies\Unity.Timeline.Editor.dll
Symbol file LoadedFromMemory is not a mono symbol file
Symbol file data-0000025778FDD060 doesn't match image C:\Users\serda\OneDrive\Masaüstü\AYTIKCI Game\AYTIKCI-Games\AYTIKCI Games\Library\ScriptAssemblies\Unity.VisualScripting.Shared.Editor.dll
Symbol file LoadedFromMemory is not a mono symbol file
Symbol file data-0000025778FDD060 doesn't match image C:\Users\serda\OneDrive\Masaüstü\AYTIKCI Game\AYTIKCI-Games\AYTIKCI Games\Library\ScriptAssemblies\Unity.CollabProxy.Editor.dll
Symbol file LoadedFromMemory is not a mono symbol file
Symbol file data-0000025778398010 doesn't match image C:\Users\serda\OneDrive\Masaüstü\AYTIKCI Game\AYTIKCI-Games\AYTIKCI Games\Library\ScriptAssemblies\Unity.VisualStudio.Editor.dll
Symbol file LoadedFromMemory is not a mono symbol file
Symbol file data-00000257329B4FF0 doesn't match image C:\Users\serda\OneDrive\Masaüstü\AYTIKCI Game\AYTIKCI-Games\AYTIKCI Games\Library\ScriptAssemblies\UnityEditor.UI.dll
Symbol file LoadedFromMemory is not a mono symbol file
Symbol file data-0000025780814040 doesn't match image C:\Users\serda\OneDrive\Masaüstü\AYTIKCI Game\AYTIKCI-Games\AYTIKCI Games\Library\ScriptAssemblies\Unity.VisualScripting.Core.dll
Symbol file LoadedFromMemory is not a mono symbol file
Symbol file data-0000025780C02030 doesn't match image C:\Users\serda\OneDrive\Masaüstü\AYTIKCI Game\AYTIKCI-Games\AYTIKCI Games\Library\ScriptAssemblies\UnityEngine.UI.dll
Symbol file LoadedFromMemory is not a mono symbol file
Symbol file data-000002575641E560 doesn't match image C:\Users\serda\OneDrive\Masaüstü\AYTIKCI Game\AYTIKCI-Games\AYTIKCI Games\Library\ScriptAssemblies\Unity.VisualScripting.Core.Editor.dll
Symbol file LoadedFromMemory is not a mono symbol file
Symbol file data-00000257329B4FF0 doesn't match image C:\Users\serda\OneDrive\Masaüstü\AYTIKCI Game\AYTIKCI-Games\AYTIKCI Games\Library\ScriptAssemblies\Unity.Rider.Editor.dll
Symbol file LoadedFromMemory is not a mono symbol file
Symbol file data-0000025778D6DC40 doesn't match image C:\Users\serda\OneDrive\Masaüstü\AYTIKCI Game\AYTIKCI-Games\AYTIKCI Games\Library\ScriptAssemblies\UnityEditor.TestRunner.dll
Symbol file LoadedFromMemory is not a mono symbol file
Symbol file data-0000025780704020 doesn't match image C:\Users\serda\OneDrive\Masaüstü\AYTIKCI Game\AYTIKCI-Games\AYTIKCI Games\Library\ScriptAssemblies\Unity.VisualScripting.Flow.dll
Symbol file LoadedFromMemory is not a mono symbol file
Symbol file data-000002575610B020 doesn't match image C:\Users\serda\OneDrive\Masaüstü\AYTIKCI Game\AYTIKCI-Games\AYTIKCI Games\Library\ScriptAssemblies\Unity.VisualScripting.Flow.Editor.dll
Symbol file LoadedFromMemory is not a mono symbol file
Symbol file data-000002575624A010 doesn't match image C:\Users\serda\OneDrive\Masaüstü\AYTIKCI Game\AYTIKCI-Games\AYTIKCI Games\Library\ScriptAssemblies\Unity.Timeline.dll
Symbol file LoadedFromMemory is not a mono symbol file
Symbol file data-0000025778C9D840 doesn't match image C:\Users\serda\OneDrive\Masaüstü\AYTIKCI Game\AYTIKCI-Games\AYTIKCI Games\Library\ScriptAssemblies\Unity.TestTools.CodeCoverage.Editor.OpenCover.Mono.Reflection.dll
Symbol file LoadedFromMemory is not a mono symbol file
Symbol file data-0000025778FDD060 doesn't match image C:\Users\serda\OneDrive\Masaüstü\AYTIKCI Game\AYTIKCI-Games\AYTIKCI Games\Library\ScriptAssemblies\Unity.VisualScripting.SettingsProvider.Editor.dll
Symbol file LoadedFromMemory is not a mono symbol file
Symbol file data-0000025780727E30 doesn't match image C:\Users\serda\OneDrive\Masaüstü\AYTIKCI Game\AYTIKCI-Games\AYTIKCI Games\Library\ScriptAssemblies\Unity.Performance.Profile-Analyzer.Editor.dll
Symbol file LoadedFromMemory is not a mono symbol file
Symbol file data-0000025778398010 doesn't match image C:\Users\serda\OneDrive\Masaüstü\AYTIKCI Game\AYTIKCI-Games\AYTIKCI Games\Library\ScriptAssemblies\Unity.TestTools.CodeCoverage.Editor.dll
Symbol file LoadedFromMemory is not a mono symbol file
Symbol file data-0000025756C07010 doesn't match image C:\Users\serda\OneDrive\Masaüstü\AYTIKCI Game\AYTIKCI-Games\AYTIKCI Games\Library\ScriptAssemblies\Unity.TestTools.CodeCoverage.Editor.OpenCover.Model.dll
Symbol file LoadedFromMemory is not a mono symbol file
Symbol file data-00000257567CD6E0 doesn't match image C:\Users\serda\OneDrive\Masaüstü\AYTIKCI Game\AYTIKCI-Games\AYTIKCI Games\Library\ScriptAssemblies\UnityEngine.TestRunner.dll
Symbol file LoadedFromMemory is not a mono symbol file
Symbol file data-00000257329B4FF0 doesn't match image C:\Users\serda\OneDrive\Masaüstü\AYTIKCI Game\AYTIKCI-Games\AYTIKCI Games\Library\ScriptAssemblies\Unity.VisualScripting.State.Editor.dll
Symbol file LoadedFromMemory is not a mono symbol file
Symbol file data-00000257329B4FF0 doesn't match image C:\Users\serda\OneDrive\Masaüstü\AYTIKCI Game\AYTIKCI-Games\AYTIKCI Games\Library\ScriptAssemblies\Unity.Settings.Editor.dll
Symbol file LoadedFromMemory is not a mono symbol file
Symbol file data-00000257785CC020 doesn't match image C:\Users\serda\OneDrive\Masaüstü\AYTIKCI Game\AYTIKCI-Games\AYTIKCI Games\Library\ScriptAssemblies\Unity.TextMeshPro.dll
Symbol file LoadedFromMemory is not a mono symbol file
Symbol file data-0000025779361020 doesn't match image C:\Users\serda\OneDrive\Masaüstü\AYTIKCI Game\AYTIKCI-Games\AYTIKCI Games\Library\ScriptAssemblies\Unity.TextMeshPro.Editor.dll
Symbol file LoadedFromMemory is not a mono symbol file
Symbol file data-000002577839FE20 doesn't match image C:\Users\serda\OneDrive\Masaüstü\AYTIKCI Game\AYTIKCI-Games\AYTIKCI Games\Library\ScriptAssemblies\Unity.VisualScripting.State.dll
Symbol file LoadedFromMemory is not a mono symbol file
Symbol file data-0000025756B18C50 doesn't match image C:\Users\serda\OneDrive\Masaüstü\AYTIKCI Game\AYTIKCI-Games\AYTIKCI Games\Library\ScriptAssemblies\Unity.VSCode.Editor.dll
Symbol file LoadedFromMemory is not a mono symbol file
- Loaded All Assemblies, in  0.448 seconds
Native extension for UWP target not found
Native extension for WindowsStandalone target not found
Native extension for Android target not found
[Package Manager] Server::EnsureServerProcessIsRunning -- launch failed, reason: Unity was launched with the -noUpm command-line argument
[Package Manager] UpmClient::Send -- Unable to send message (not connected to UPM process).
[Package Manager] Cannot connect to Unity Package Manager local server
Mono: successfully reloaded assembly
- Finished resetting the current domain, in  1.002 seconds
Domain Reload Profiling: 1446ms
	BeginReloadAssembly (147ms)
		ExecutionOrderSort (0ms)
		DisableScriptedObjects (4ms)
		BackupInstance (0ms)
		ReleaseScriptingObjects (0ms)
		CreateAndSetChildDomain (30ms)
	RebuildCommonClasses (32ms)
	RebuildNativeTypeToScriptingClass (11ms)
	initialDomainReloadingComplete (32ms)
	LoadAllAssembliesAndSetupDomain (222ms)
		LoadAssemblies (291ms)
		RebuildTransferFunctionScriptingTraits (0ms)
		AnalyzeDomain (13ms)
			TypeCache.Refresh (5ms)
				TypeCache.ScanAssembly (0ms)
			ScanForSourceGeneratedMonoScriptInfo (0ms)
			ResolveRequiredComponents (7ms)
	FinalizeReload (1003ms)
		ReleaseScriptCaches (0ms)
		RebuildScriptCaches (0ms)
		SetupLoadedEditorAssemblies (474ms)
			LogAssemblyErrors (0ms)
			InitializePlatformSupportModulesInManaged (21ms)
			SetLoadedEditorAssemblies (3ms)
			RefreshPlugins (0ms)
			BeforeProcessingInitializeOnLoad (72ms)
			ProcessInitializeOnLoadAttributes (345ms)
			ProcessInitializeOnLoadMethodAttributes (22ms)
			AfterProcessingInitializeOnLoad (11ms)
			EditorAssembliesLoaded (0ms)
		ExecutionOrderSort2 (0ms)
		AwakeInstancesAfterBackupRestoration (6ms)
Refreshing native plugins compatible for Editor in 3.90 ms, found 3 plugins.
Preloading 0 native plugins for Editor in 0.00 ms.
Unloading 3335 Unused Serialized files (Serialized files now loaded: 0)
Unloading 15 unused Assets / (109.4 KB). Loaded Objects now: 3840.
Memory consumption went from 123.9 MB to 123.8 MB.
Total: 2.994800 ms (FindLiveObjects: 0.372300 ms CreateObjectMapping: 0.238300 ms MarkObjects: 2.316900 ms  DeleteObjects: 0.066300 ms)

Prepare: number of updated asset objects reloaded= 0
AssetImportParameters requested are different than current active one (requested -> active):
  custom:container-demuxer-ogg: 62fdf1f143b41e24485cea50d1cbac27 -> 
  custom:video-decoder-ogg-theora: a1e56fd34408186e4bbccfd4996cb3dc -> 
  custom:framework-win-MediaFoundation: 216162199b28c13a410421893ffa2e32 -> 
  custom:CustomObjectIndexerAttribute: 9a22284fe3817be447336de3de66b15e -> 
  custom:container-demuxer-webm: 4f35f7cbe854078d1ac9338744f61a02 -> 
  custom:container-muxer-webm: aa71ff27fc2769a1b78a27578f13a17b -> 
  custom:video-decoder-webm-vp8: 9c59270c3fd7afecdb556c50c9e8de78 -> 
  custom:SearchIndexIgnoredProperties: e643bd26f0fe6173181afceb89e7c659 -> 
  custom:AudioImporter_EditorPlatform: d09bf68614088b80899f8185d706f6e7 -> 
  custom:video-encoder-webm-vp8: eb34c28f22e8b96e1ab97ce403110664 -> 
  custom:audio-decoder-ogg-vorbis: bf7c407c2cedff20999df2af8eb42d56 -> 
  custom:audio-encoder-webm-vorbis: bf7c407c2cedff20999df2af8eb42d56 -> 
========================================================================
Received Prepare
Caller must complete domain reload
Begin MonoManager ReloadAssembly
Symbol file data-000002575619C020 doesn't match image C:\Users\serda\OneDrive\Masaüstü\AYTIKCI Game\AYTIKCI-Games\AYTIKCI Games\Library\ScriptAssemblies\Unity.EditorCoroutines.Editor.dll
Symbol file LoadedFromMemory is not a mono symbol file
Symbol file data-00000257788E0010 doesn't match image C:\Users\serda\OneDrive\Masaüstü\AYTIKCI Game\AYTIKCI-Games\AYTIKCI Games\Library\ScriptAssemblies\Unity.PlasticSCM.Editor.dll
Symbol file LoadedFromMemory is not a mono symbol file
Symbol file data-0000025755D2B8D0 doesn't match image C:\Users\serda\OneDrive\Masaüstü\AYTIKCI Game\AYTIKCI-Games\AYTIKCI Games\Library\ScriptAssemblies\Unity.Timeline.Editor.dll
Symbol file LoadedFromMemory is not a mono symbol file
Symbol file data-00000257329B4FF0 doesn't match image C:\Users\serda\OneDrive\Masaüstü\AYTIKCI Game\AYTIKCI-Games\AYTIKCI Games\Library\ScriptAssemblies\Unity.VisualScripting.Shared.Editor.dll
Symbol file LoadedFromMemory is not a mono symbol file
Symbol file data-00000257329B4FF0 doesn't match image C:\Users\serda\OneDrive\Masaüstü\AYTIKCI Game\AYTIKCI-Games\AYTIKCI Games\Library\ScriptAssemblies\Unity.CollabProxy.Editor.dll
Symbol file LoadedFromMemory is not a mono symbol file
Symbol file data-0000025780CB3010 doesn't match image C:\Users\serda\OneDrive\Masaüstü\AYTIKCI Game\AYTIKCI-Games\AYTIKCI Games\Library\ScriptAssemblies\Unity.VisualStudio.Editor.dll
Symbol file LoadedFromMemory is not a mono symbol file
Symbol file data-000002577819FF80 doesn't match image C:\Users\serda\OneDrive\Masaüstü\AYTIKCI Game\AYTIKCI-Games\AYTIKCI Games\Library\ScriptAssemblies\UnityEditor.UI.dll
Symbol file LoadedFromMemory is not a mono symbol file
Symbol file data-0000025780704020 doesn't match image C:\Users\serda\OneDrive\Masaüstü\AYTIKCI Game\AYTIKCI-Games\AYTIKCI Games\Library\ScriptAssemblies\Unity.VisualScripting.Core.dll
Symbol file LoadedFromMemory is not a mono symbol file
Symbol file data-00000257800AA010 doesn't match image C:\Users\serda\OneDrive\Masaüstü\AYTIKCI Game\AYTIKCI-Games\AYTIKCI Games\Library\ScriptAssemblies\UnityEngine.UI.dll
Symbol file LoadedFromMemory is not a mono symbol file
Symbol file data-0000025780983030 doesn't match image C:\Users\serda\OneDrive\Masaüstü\AYTIKCI Game\AYTIKCI-Games\AYTIKCI Games\Library\ScriptAssemblies\Unity.VisualScripting.Core.Editor.dll
Symbol file LoadedFromMemory is not a mono symbol file
Symbol file data-0000025780236030 doesn't match image C:\Users\serda\OneDrive\Masaüstü\AYTIKCI Game\AYTIKCI-Games\AYTIKCI Games\Library\ScriptAssemblies\Unity.Rider.Editor.dll
Symbol file LoadedFromMemory is not a mono symbol file
Symbol file data-0000025778D6DC40 doesn't match image C:\Users\serda\OneDrive\Masaüstü\AYTIKCI Game\AYTIKCI-Games\AYTIKCI Games\Library\ScriptAssemblies\UnityEditor.TestRunner.dll
Symbol file LoadedFromMemory is not a mono symbol file
Symbol file data-0000025755CDF8A0 doesn't match image C:\Users\serda\OneDrive\Masaüstü\AYTIKCI Game\AYTIKCI-Games\AYTIKCI Games\Library\ScriptAssemblies\Unity.VisualScripting.Flow.dll
Symbol file LoadedFromMemory is not a mono symbol file
Symbol file data-000002578164E020 doesn't match image C:\Users\serda\OneDrive\Masaüstü\AYTIKCI Game\AYTIKCI-Games\AYTIKCI Games\Library\ScriptAssemblies\Unity.VisualScripting.Flow.Editor.dll
Symbol file LoadedFromMemory is not a mono symbol file
Symbol file data-000002575624A010 doesn't match image C:\Users\serda\OneDrive\Masaüstü\AYTIKCI Game\AYTIKCI-Games\AYTIKCI Games\Library\ScriptAssemblies\Unity.Timeline.dll
Symbol file LoadedFromMemory is not a mono symbol file
Symbol file data-0000025778239E30 doesn't match image C:\Users\serda\OneDrive\Masaüstü\AYTIKCI Game\AYTIKCI-Games\AYTIKCI Games\Library\ScriptAssemblies\Unity.TestTools.CodeCoverage.Editor.OpenCover.Mono.Reflection.dll
Symbol file LoadedFromMemory is not a mono symbol file
Symbol file data-00000257788C3620 doesn't match image C:\Users\serda\OneDrive\Masaüstü\AYTIKCI Game\AYTIKCI-Games\AYTIKCI Games\Library\ScriptAssemblies\Unity.VisualScripting.SettingsProvider.Editor.dll
Symbol file LoadedFromMemory is not a mono symbol file
Symbol file data-000002578164E020 doesn't match image C:\Users\serda\OneDrive\Masaüstü\AYTIKCI Game\AYTIKCI-Games\AYTIKCI Games\Library\ScriptAssemblies\Unity.Performance.Profile-Analyzer.Editor.dll
Symbol file LoadedFromMemory is not a mono symbol file
Symbol file data-00000257568EA040 doesn't match image C:\Users\serda\OneDrive\Masaüstü\AYTIKCI Game\AYTIKCI-Games\AYTIKCI Games\Library\ScriptAssemblies\Unity.TestTools.CodeCoverage.Editor.dll
Symbol file LoadedFromMemory is not a mono symbol file
Symbol file data-00000257329B4FF0 doesn't match image C:\Users\serda\OneDrive\Masaüstü\AYTIKCI Game\AYTIKCI-Games\AYTIKCI Games\Library\ScriptAssemblies\Unity.TestTools.CodeCoverage.Editor.OpenCover.Model.dll
Symbol file LoadedFromMemory is not a mono symbol file
Symbol file data-0000025778B45070 doesn't match image C:\Users\serda\OneDrive\Masaüstü\AYTIKCI Game\AYTIKCI-Games\AYTIKCI Games\Library\ScriptAssemblies\UnityEngine.TestRunner.dll
Symbol file LoadedFromMemory is not a mono symbol file
Symbol file data-000002577819FF80 doesn't match image C:\Users\serda\OneDrive\Masaüstü\AYTIKCI Game\AYTIKCI-Games\AYTIKCI Games\Library\ScriptAssemblies\Unity.VisualScripting.State.Editor.dll
Symbol file LoadedFromMemory is not a mono symbol file
Symbol file data-0000025756732050 doesn't match image C:\Users\serda\OneDrive\Masaüstü\AYTIKCI Game\AYTIKCI-Games\AYTIKCI Games\Library\ScriptAssemblies\Unity.Settings.Editor.dll
Symbol file LoadedFromMemory is not a mono symbol file
Symbol file data-0000025778F86030 doesn't match image C:\Users\serda\OneDrive\Masaüstü\AYTIKCI Game\AYTIKCI-Games\AYTIKCI Games\Library\ScriptAssemblies\Unity.TextMeshPro.dll
Symbol file LoadedFromMemory is not a mono symbol file
Symbol file data-00000257566CB030 doesn't match image C:\Users\serda\OneDrive\Masaüstü\AYTIKCI Game\AYTIKCI-Games\AYTIKCI Games\Library\ScriptAssemblies\Unity.TextMeshPro.Editor.dll
Symbol file LoadedFromMemory is not a mono symbol file
Symbol file data-0000025756A9FA20 doesn't match image C:\Users\serda\OneDrive\Masaüstü\AYTIKCI Game\AYTIKCI-Games\AYTIKCI Games\Library\ScriptAssemblies\Unity.VisualScripting.State.dll
Symbol file LoadedFromMemory is not a mono symbol file
Symbol file data-00000257568EFC80 doesn't match image C:\Users\serda\OneDrive\Masaüstü\AYTIKCI Game\AYTIKCI-Games\AYTIKCI Games\Library\ScriptAssemblies\Unity.VSCode.Editor.dll
Symbol file LoadedFromMemory is not a mono symbol file
- Loaded All Assemblies, in  0.431 seconds
Native extension for UWP target not found
Native extension for WindowsStandalone target not found
Native extension for Android target not found
[Package Manager] Server::EnsureServerProcessIsRunning -- launch failed, reason: Unity was launched with the -noUpm command-line argument
[Package Manager] UpmClient::Send -- Unable to send message (not connected to UPM process).
[Package Manager] Cannot connect to Unity Package Manager local server
Mono: successfully reloaded assembly
- Finished resetting the current domain, in  0.995 seconds
Domain Reload Profiling: 1422ms
	BeginReloadAssembly (138ms)
		ExecutionOrderSort (0ms)
		DisableScriptedObjects (4ms)
		BackupInstance (0ms)
		ReleaseScriptingObjects (0ms)
		CreateAndSetChildDomain (25ms)
	RebuildCommonClasses (31ms)
	RebuildNativeTypeToScriptingClass (11ms)
	initialDomainReloadingComplete (30ms)
	LoadAllAssembliesAndSetupDomain (217ms)
		LoadAssemblies (279ms)
		RebuildTransferFunctionScriptingTraits (0ms)
		AnalyzeDomain (15ms)
			TypeCache.Refresh (6ms)
				TypeCache.ScanAssembly (0ms)
			ScanForSourceGeneratedMonoScriptInfo (0ms)
			ResolveRequiredComponents (8ms)
	FinalizeReload (995ms)
		ReleaseScriptCaches (0ms)
		RebuildScriptCaches (0ms)
		SetupLoadedEditorAssemblies (483ms)
			LogAssemblyErrors (0ms)
			InitializePlatformSupportModulesInManaged (22ms)
			SetLoadedEditorAssemblies (5ms)
			RefreshPlugins (0ms)
			BeforeProcessingInitializeOnLoad (71ms)
			ProcessInitializeOnLoadAttributes (355ms)
			ProcessInitializeOnLoadMethodAttributes (19ms)
			AfterProcessingInitializeOnLoad (11ms)
			EditorAssembliesLoaded (0ms)
		ExecutionOrderSort2 (0ms)
		AwakeInstancesAfterBackupRestoration (6ms)
Refreshing native plugins compatible for Editor in 5.08 ms, found 3 plugins.
Preloading 0 native plugins for Editor in 0.00 ms.
Unloading 3335 Unused Serialized files (Serialized files now loaded: 0)
Unloading 15 unused Assets / (109.4 KB). Loaded Objects now: 3855.
Memory consumption went from 123.9 MB to 123.8 MB.
Total: 2.785000 ms (FindLiveObjects: 0.300100 ms CreateObjectMapping: 0.077300 ms MarkObjects: 2.332900 ms  DeleteObjects: 0.073700 ms)

Prepare: number of updated asset objects reloaded= 0
AssetImportParameters requested are different than current active one (requested -> active):
  custom:container-demuxer-ogg: 62fdf1f143b41e24485cea50d1cbac27 -> 
  custom:video-decoder-ogg-theora: a1e56fd34408186e4bbccfd4996cb3dc -> 
  custom:framework-win-MediaFoundation: 216162199b28c13a410421893ffa2e32 -> 
  custom:CustomObjectIndexerAttribute: 9a22284fe3817be447336de3de66b15e -> 
  custom:container-demuxer-webm: 4f35f7cbe854078d1ac9338744f61a02 -> 
  custom:container-muxer-webm: aa71ff27fc2769a1b78a27578f13a17b -> 
  custom:video-decoder-webm-vp8: 9c59270c3fd7afecdb556c50c9e8de78 -> 
  custom:SearchIndexIgnoredProperties: e643bd26f0fe6173181afceb89e7c659 -> 
  custom:AudioImporter_EditorPlatform: d09bf68614088b80899f8185d706f6e7 -> 
  custom:video-encoder-webm-vp8: eb34c28f22e8b96e1ab97ce403110664 -> 
  custom:audio-decoder-ogg-vorbis: bf7c407c2cedff20999df2af8eb42d56 -> 
  custom:audio-encoder-webm-vorbis: bf7c407c2cedff20999df2af8eb42d56 -> 
========================================================================
Received Prepare
Caller must complete domain reload
Begin MonoManager ReloadAssembly
Symbol file data-0000025779E50050 doesn't match image C:\Users\serda\OneDrive\Masaüstü\AYTIKCI Game\AYTIKCI-Games\AYTIKCI Games\Library\ScriptAssemblies\Unity.EditorCoroutines.Editor.dll
Symbol file LoadedFromMemory is not a mono symbol file
Symbol file data-00000257788E0010 doesn't match image C:\Users\serda\OneDrive\Masaüstü\AYTIKCI Game\AYTIKCI-Games\AYTIKCI Games\Library\ScriptAssemblies\Unity.PlasticSCM.Editor.dll
Symbol file LoadedFromMemory is not a mono symbol file
Symbol file data-0000025755D2B8D0 doesn't match image C:\Users\serda\OneDrive\Masaüstü\AYTIKCI Game\AYTIKCI-Games\AYTIKCI Games\Library\ScriptAssemblies\Unity.Timeline.Editor.dll
Symbol file LoadedFromMemory is not a mono symbol file
Symbol file data-0000025779E50050 doesn't match image C:\Users\serda\OneDrive\Masaüstü\AYTIKCI Game\AYTIKCI-Games\AYTIKCI Games\Library\ScriptAssemblies\Unity.VisualScripting.Shared.Editor.dll
Symbol file LoadedFromMemory is not a mono symbol file
Symbol file data-0000025779E50050 doesn't match image C:\Users\serda\OneDrive\Masaüstü\AYTIKCI Game\AYTIKCI-Games\AYTIKCI Games\Library\ScriptAssemblies\Unity.CollabProxy.Editor.dll
Symbol file LoadedFromMemory is not a mono symbol file
Symbol file data-0000025779D8A250 doesn't match image C:\Users\serda\OneDrive\Masaüstü\AYTIKCI Game\AYTIKCI-Games\AYTIKCI Games\Library\ScriptAssemblies\Unity.VisualStudio.Editor.dll
Symbol file LoadedFromMemory is not a mono symbol file
Symbol file data-0000025755E3D050 doesn't match image C:\Users\serda\OneDrive\Masaüstü\AYTIKCI Game\AYTIKCI-Games\AYTIKCI Games\Library\ScriptAssemblies\UnityEditor.UI.dll
Symbol file LoadedFromMemory is not a mono symbol file
Symbol file data-0000025756667020 doesn't match image C:\Users\serda\OneDrive\Masaüstü\AYTIKCI Game\AYTIKCI-Games\AYTIKCI Games\Library\ScriptAssemblies\Unity.VisualScripting.Core.dll
Symbol file LoadedFromMemory is not a mono symbol file
Symbol file data-00000257780F4010 doesn't match image C:\Users\serda\OneDrive\Masaüstü\AYTIKCI Game\AYTIKCI-Games\AYTIKCI Games\Library\ScriptAssemblies\UnityEngine.UI.dll
Symbol file LoadedFromMemory is not a mono symbol file
Symbol file data-0000025780983030 doesn't match image C:\Users\serda\OneDrive\Masaüstü\AYTIKCI Game\AYTIKCI-Games\AYTIKCI Games\Library\ScriptAssemblies\Unity.VisualScripting.Core.Editor.dll
Symbol file LoadedFromMemory is not a mono symbol file
Symbol file data-0000025780236030 doesn't match image C:\Users\serda\OneDrive\Masaüstü\AYTIKCI Game\AYTIKCI-Games\AYTIKCI Games\Library\ScriptAssemblies\Unity.Rider.Editor.dll
Symbol file LoadedFromMemory is not a mono symbol file
Symbol file data-0000025778D6DC40 doesn't match image C:\Users\serda\OneDrive\Masaüstü\AYTIKCI Game\AYTIKCI-Games\AYTIKCI Games\Library\ScriptAssemblies\UnityEditor.TestRunner.dll
Symbol file LoadedFromMemory is not a mono symbol file
Symbol file data-0000025756AA6FA0 doesn't match image C:\Users\serda\OneDrive\Masaüstü\AYTIKCI Game\AYTIKCI-Games\AYTIKCI Games\Library\ScriptAssemblies\Unity.VisualScripting.Flow.dll
Symbol file LoadedFromMemory is not a mono symbol file
Symbol file data-0000025779A7F010 doesn't match image C:\Users\serda\OneDrive\Masaüstü\AYTIKCI Game\AYTIKCI-Games\AYTIKCI Games\Library\ScriptAssemblies\Unity.VisualScripting.Flow.Editor.dll
Symbol file LoadedFromMemory is not a mono symbol file
Symbol file data-000002575624A010 doesn't match image C:\Users\serda\OneDrive\Masaüstü\AYTIKCI Game\AYTIKCI-Games\AYTIKCI Games\Library\ScriptAssemblies\Unity.Timeline.dll
Symbol file LoadedFromMemory is not a mono symbol file
Symbol file data-0000025781666040 doesn't match image C:\Users\serda\OneDrive\Masaüstü\AYTIKCI Game\AYTIKCI-Games\AYTIKCI Games\Library\ScriptAssemblies\Unity.TestTools.CodeCoverage.Editor.OpenCover.Mono.Reflection.dll
Symbol file LoadedFromMemory is not a mono symbol file
Symbol file data-0000025781666040 doesn't match image C:\Users\serda\OneDrive\Masaüstü\AYTIKCI Game\AYTIKCI-Games\AYTIKCI Games\Library\ScriptAssemblies\Unity.VisualScripting.SettingsProvider.Editor.dll
Symbol file LoadedFromMemory is not a mono symbol file
Symbol file data-0000025779A7F010 doesn't match image C:\Users\serda\OneDrive\Masaüstü\AYTIKCI Game\AYTIKCI-Games\AYTIKCI Games\Library\ScriptAssemblies\Unity.Performance.Profile-Analyzer.Editor.dll
Symbol file LoadedFromMemory is not a mono symbol file
Symbol file data-0000025756566E50 doesn't match image C:\Users\serda\OneDrive\Masaüstü\AYTIKCI Game\AYTIKCI-Games\AYTIKCI Games\Library\ScriptAssemblies\Unity.TestTools.CodeCoverage.Editor.dll
Symbol file LoadedFromMemory is not a mono symbol file
Symbol file data-0000025779751010 doesn't match image C:\Users\serda\OneDrive\Masaüstü\AYTIKCI Game\AYTIKCI-Games\AYTIKCI Games\Library\ScriptAssemblies\Unity.TestTools.CodeCoverage.Editor.OpenCover.Model.dll
Symbol file LoadedFromMemory is not a mono symbol file
Symbol file data-00000257565D1010 doesn't match image C:\Users\serda\OneDrive\Masaüstü\AYTIKCI Game\AYTIKCI-Games\AYTIKCI Games\Library\ScriptAssemblies\UnityEngine.TestRunner.dll
Symbol file LoadedFromMemory is not a mono symbol file
Symbol file data-0000025755E3D050 doesn't match image C:\Users\serda\OneDrive\Masaüstü\AYTIKCI Game\AYTIKCI-Games\AYTIKCI Games\Library\ScriptAssemblies\Unity.VisualScripting.State.Editor.dll
Symbol file LoadedFromMemory is not a mono symbol file
Symbol file data-0000025779751010 doesn't match image C:\Users\serda\OneDrive\Masaüstü\AYTIKCI Game\AYTIKCI-Games\AYTIKCI Games\Library\ScriptAssemblies\Unity.Settings.Editor.dll
Symbol file LoadedFromMemory is not a mono symbol file
Symbol file data-0000025755CDF8A0 doesn't match image C:\Users\serda\OneDrive\Masaüstü\AYTIKCI Game\AYTIKCI-Games\AYTIKCI Games\Library\ScriptAssemblies\Unity.TextMeshPro.dll
Symbol file LoadedFromMemory is not a mono symbol file
Symbol file data-00000257566CB030 doesn't match image C:\Users\serda\OneDrive\Masaüstü\AYTIKCI Game\AYTIKCI-Games\AYTIKCI Games\Library\ScriptAssemblies\Unity.TextMeshPro.Editor.dll
Symbol file LoadedFromMemory is not a mono symbol file
Symbol file data-0000025755FBB020 doesn't match image C:\Users\serda\OneDrive\Masaüstü\AYTIKCI Game\AYTIKCI-Games\AYTIKCI Games\Library\ScriptAssemblies\Unity.VisualScripting.State.dll
Symbol file LoadedFromMemory is not a mono symbol file
Symbol file data-0000025755FBB020 doesn't match image C:\Users\serda\OneDrive\Masaüstü\AYTIKCI Game\AYTIKCI-Games\AYTIKCI Games\Library\ScriptAssemblies\Unity.VSCode.Editor.dll
Symbol file LoadedFromMemory is not a mono symbol file
- Loaded All Assemblies, in  0.434 seconds
Native extension for UWP target not found
Native extension for WindowsStandalone target not found
Native extension for Android target not found
[Package Manager] Server::EnsureServerProcessIsRunning -- launch failed, reason: Unity was launched with the -noUpm command-line argument
[Package Manager] UpmClient::Send -- Unable to send message (not connected to UPM process).
[Package Manager] Cannot connect to Unity Package Manager local server
Mono: successfully reloaded assembly
- Finished resetting the current domain, in  1.037 seconds
Domain Reload Profiling: 1468ms
	BeginReloadAssembly (139ms)
		ExecutionOrderSort (0ms)
		DisableScriptedObjects (4ms)
		BackupInstance (0ms)
		ReleaseScriptingObjects (0ms)
		CreateAndSetChildDomain (26ms)
	RebuildCommonClasses (32ms)
	RebuildNativeTypeToScriptingClass (12ms)
	initialDomainReloadingComplete (29ms)
	LoadAllAssembliesAndSetupDomain (217ms)
		LoadAssemblies (284ms)
		RebuildTransferFunctionScriptingTraits (0ms)
		AnalyzeDomain (13ms)
			TypeCache.Refresh (5ms)
				TypeCache.ScanAssembly (0ms)
			ScanForSourceGeneratedMonoScriptInfo (0ms)
			ResolveRequiredComponents (7ms)
	FinalizeReload (1038ms)
		ReleaseScriptCaches (0ms)
		RebuildScriptCaches (0ms)
		SetupLoadedEditorAssemblies (493ms)
			LogAssemblyErrors (0ms)
			InitializePlatformSupportModulesInManaged (22ms)
			SetLoadedEditorAssemblies (5ms)
			RefreshPlugins (0ms)
			BeforeProcessingInitializeOnLoad (72ms)
			ProcessInitializeOnLoadAttributes (365ms)
			ProcessInitializeOnLoadMethodAttributes (19ms)
			AfterProcessingInitializeOnLoad (10ms)
			EditorAssembliesLoaded (0ms)
		ExecutionOrderSort2 (0ms)
		AwakeInstancesAfterBackupRestoration (6ms)
Refreshing native plugins compatible for Editor in 4.61 ms, found 3 plugins.
Preloading 0 native plugins for Editor in 0.00 ms.
Unloading 3335 Unused Serialized files (Serialized files now loaded: 0)
Unloading 15 unused Assets / (109.3 KB). Loaded Objects now: 3870.
Memory consumption went from 123.9 MB to 123.8 MB.
Total: 3.027300 ms (FindLiveObjects: 0.316600 ms CreateObjectMapping: 0.080100 ms MarkObjects: 2.557500 ms  DeleteObjects: 0.072000 ms)

Prepare: number of updated asset objects reloaded= 0
AssetImportParameters requested are different than current active one (requested -> active):
  custom:container-demuxer-ogg: 62fdf1f143b41e24485cea50d1cbac27 -> 
  custom:video-decoder-ogg-theora: a1e56fd34408186e4bbccfd4996cb3dc -> 
  custom:framework-win-MediaFoundation: 216162199b28c13a410421893ffa2e32 -> 
  custom:CustomObjectIndexerAttribute: 9a22284fe3817be447336de3de66b15e -> 
  custom:container-demuxer-webm: 4f35f7cbe854078d1ac9338744f61a02 -> 
  custom:container-muxer-webm: aa71ff27fc2769a1b78a27578f13a17b -> 
  custom:video-decoder-webm-vp8: 9c59270c3fd7afecdb556c50c9e8de78 -> 
  custom:SearchIndexIgnoredProperties: e643bd26f0fe6173181afceb89e7c659 -> 
  custom:AudioImporter_EditorPlatform: d09bf68614088b80899f8185d706f6e7 -> 
  custom:video-encoder-webm-vp8: eb34c28f22e8b96e1ab97ce403110664 -> 
  custom:audio-decoder-ogg-vorbis: bf7c407c2cedff20999df2af8eb42d56 -> 
  custom:audio-encoder-webm-vorbis: bf7c407c2cedff20999df2af8eb42d56 -> 
========================================================================
Received Import Request.
  Time since last request: 33296.589937 seconds.
  path: Assets/Prefab/Canvas.prefab
  artifactKey: Guid(9f45dda183e9d944791ed26d9b216ab1) Importer(815301076,1909f56bfc062723c751e8b465ee728b)
Start importing Assets/Prefab/Canvas.prefab using Guid(9f45dda183e9d944791ed26d9b216ab1) Importer(815301076,1909f56bfc062723c751e8b465ee728b) [PhysX] Initialized MultithreadedTaskDispatcher with 16 workers.
 -> (artifact id: '980e1be4294a3debac7e947e944c88c6') in 0.035076 seconds
Number of updated asset objects reloaded before import = 0
Number of asset objects unloaded after import = 37
========================================================================
Received Import Request.
  Time since last request: 0.009527 seconds.
  path: Assets/Prefab/MeleeVirus.prefab
  artifactKey: Guid(6fe4baab5079dfc48816c0d2a6c9ba83) Importer(815301076,1909f56bfc062723c751e8b465ee728b)
Start importing Assets/Prefab/MeleeVirus.prefab using Guid(6fe4baab5079dfc48816c0d2a6c9ba83) Importer(815301076,1909f56bfc062723c751e8b465ee728b) [PhysX] Initialized MultithreadedTaskDispatcher with 16 workers.
[PhysX] Initialized MultithreadedTaskDispatcher with 16 workers.
 -> (artifact id: '5e72076ee6b14c0da6978523358cd2bc') in 0.085669 seconds
Number of updated asset objects reloaded before import = 0
Number of asset objects unloaded after import = 28
========================================================================
Received Import Request.
  Time since last request: 0.000034 seconds.
  path: Assets/Prefab/Tree.prefab
  artifactKey: Guid(986d134bfa9eb2c4f8d9955f080810f2) Importer(815301076,1909f56bfc062723c751e8b465ee728b)
Start importing Assets/Prefab/Tree.prefab using Guid(986d134bfa9eb2c4f8d9955f080810f2) Importer(815301076,1909f56bfc062723c751e8b465ee728b) [PhysX] Initialized MultithreadedTaskDispatcher with 16 workers.
[PhysX] Initialized MultithreadedTaskDispatcher with 16 workers.
 -> (artifact id: '1f160c6a632e5c7401f5b6dc4d181a06') in 0.024298 seconds
Number of updated asset objects reloaded before import = 0
Number of asset objects unloaded after import = 8
========================================================================
Received Import Request.
  Time since last request: 0.000018 seconds.
  path: Assets/Prefab/CasterVirus.prefab
  artifactKey: Guid(1e911ca89c389bd43b413e020f376243) Importer(815301076,1909f56bfc062723c751e8b465ee728b)
Start importing Assets/Prefab/CasterVirus.prefab using Guid(1e911ca89c389bd43b413e020f376243) Importer(815301076,1909f56bfc062723c751e8b465ee728b) [PhysX] Initialized MultithreadedTaskDispatcher with 16 workers.
[PhysX] Initialized MultithreadedTaskDispatcher with 16 workers.
 -> (artifact id: 'a250a7fe937ff4b06aeab56027803169') in 0.015544 seconds
Number of updated asset objects reloaded before import = 0
Number of asset objects unloaded after import = 8
Editor requested this worker to shutdown with reason: Scaling down because of idle timeout
TcpMessagingSession - receive error: operation aborted. errorcode: 995, details: Bir i� par�ac��� ��k��� veya bir uygulama iste�i nedeniyle G/� i�lemi iptal edildi.
AssetImportWorker is now disconnected from the server
Process exiting
Exiting without the bug reporter. Application will terminate with return code 0